// Jest Snapshot v1, https://goo.gl/fbAQLP

exports[`should get locations from api 1`] = `
{
  "features": [
    {
      "geometry": {
        "coordinates": [
          20.85169,
          55.770832,
        ],
        "type": "Point",
      },
      "id": 111222000,
      "properties": {
        "cog": 346.5,
        "dataUpdatedTime": "2023-10-19T07:06:13Z",
        "featureType": "aisvessel",
        "heading": 79,
        "mmsi": 111222000,
        "navStat": 1,
        "posAcc": true,
        "raim": true,
        "rot": 4,
        "sog": 0.1,
        "timestamp": 59,
        "timestampExternal": "2022-07-30T20:28:58.646Z",
      },
      "type": "Feature",
    },
    {
      "geometry": {
        "coordinates": [
          19.612433,
          59.1802,
        ],
        "type": "Point",
      },
      "id": 333444000,
      "properties": {
        "cog": 205.7,
        "dataUpdatedTime": "2023-10-19T07:06:13Z",
        "featureType": "aisvessel",
        "heading": 205,
        "mmsi": 333444000,
        "navStat": 3,
        "posAcc": true,
        "raim": false,
        "rot": 0,
        "sog": 6.5,
        "timestamp": 28,
        "timestampExternal": "2021-12-08T05:18:31.289Z",
      },
      "type": "Feature",
    },
    {
      "geometry": {
        "coordinates": [
          30.190985,
          59.886713,
        ],
        "type": "Point",
      },
      "id": 55666000,
      "properties": {
        "cog": 74.9,
        "dataUpdatedTime": "2023-10-19T07:06:13Z",
        "featureType": "aisvessel",
        "heading": 76,
        "mmsi": 55666000,
        "navStat": 0,
        "posAcc": true,
        "raim": true,
        "rot": 0,
        "sog": 5.3,
        "timestamp": 45,
        "timestampExternal": "2018-10-17T22:20:47.556Z",
      },
      "type": "Feature",
    },
  ],
  "type": "FeatureCollection",
}
`;
