// Jest Snapshot v1, https://goo.gl/fbAQLP

exports[`should get fairway card fairways from api when cache expired 1`] = `
[
  {
    "area": {
      "fi": "Kymijoen vesistö",
      "sv": "Kymmene älv vattendrag",
    },
    "areas": [],
    "boardLines": [],
    "classifications": [
      {
        "fairwayClass": {
          "fi": "VL6: Venereitti",
          "sv": "Båtrutt",
        },
        "fairwayClassCode": 6,
        "type": "Väyläluokitus",
      },
      {
        "fairwayClass": {
          "fi": "T6",
          "sv": null,
        },
        "fairwayClassCode": 6,
        "type": "Tekninen luokitus",
      },
      {
        "fairwayClass": {
          "fi": "C",
          "sv": undefined,
        },
        "fairwayClassCode": 3,
        "type": "Väylänhoitoluokitus",
      },
    ],
    "endText": "Lietesalmen KA-puolella Virmasvedellä.",
    "id": 10,
    "lighting": {
      "fi": "Valaisematon",
      "sv": "Samma på svenska",
    },
    "lightingCode": 2,
    "name": {
      "fi": "Lieteniemi - Lietesalmi venereitti",
      "sv": "",
    },
    "navigationLines": [
      {
        "additionalInformation": null,
        "depth": 2.2,
        "direction": null,
        "draft": 1.8,
        "fairways": [
          {
            "fairwayId": 10,
            "line": 1,
            "status": 1,
          },
        ],
        "geometry": {
          "coordinates": [
            [
              23.771884401,
              61.2984219918,
            ],
            [
              23.7719649967,
              61.2983296353,
            ],
            [
              23.7720591894,
              61.2982403049,
            ],
            [
              23.7721664917,
              61.298154463,
            ],
          ],
          "type": "LineString",
        },
        "id": 69883,
        "journalNumber": "306/611/2000",
        "length": 33,
        "n2000ReferenceLevel": null,
        "n2000depth": null,
        "n2000draft": null,
        "owner": "Väylävirasto",
        "referenceLevel": "NN+78.80",
        "type": "Pakollinen kaarre",
        "typeCode": 3,
        "verificationDate": "2001-01-25",
      },
    ],
    "owner": "Väylävirasto",
    "restrictionAreas": [],
    "sizing": {
      "additionalInformation": null,
      "mareograph": null,
      "minimumTurningCircle": null,
      "minimumWidth": null,
      "normalTurningCircle": null,
      "normalWidth": null,
      "reserveWater": null,
    },
    "sizingVessels": undefined,
    "startText": "Kivikarin I-puolelta Lieteniemen kärjen P-puolelta.",
    "turningCircles": [],
    "type": {
      "fi": "Sisävesiväylä",
      "sv": "Insjöfarled",
    },
    "typeCode": 2,
  },
]
`;

exports[`should get fairway card fairways from cache 1`] = `
[
  {
    "area": {
      "fi": "Perämeri",
      "sv": "Bottenviken",
    },
    "areas": [
      {
        "additionalInformation": null,
        "depth": 10.6,
        "direction": 14,
        "draft": 10,
        "fairways": [
          {
            "fairwayId": 10,
            "line": 1,
            "sequenceNumber": 180,
            "sizingSpeed": null,
            "sizingSpeed2": null,
            "status": 1,
          },
        ],
        "geometry": {
          "coordinates": [
            [
              [
                24.51871,
                65.66272,
              ],
              [
                24.52092,
                65.66376,
              ],
              [
                24.52142,
                65.66357,
              ],
              [
                24.52159,
                65.66366,
              ],
              [
                24.52098,
                65.66388,
              ],
              [
                24.51877,
                65.66285,
              ],
              [
                24.51871,
                65.66282,
              ],
              [
                24.51865,
                65.66281,
              ],
              [
                24.51856,
                65.66278,
              ],
              [
                24.51871,
                65.66272,
              ],
            ],
          ],
          "type": "Polygon",
        },
        "id": 126509,
        "journalNumber": "VÄYLÄ/2590/06.02.02/2020",
        "n2000ReferenceLevel": null,
        "n2000depth": null,
        "n2000draft": null,
        "name": null,
        "notation": "Kardinaali",
        "notationCode": 2,
        "operationDirection": "Kaksisuuntainen liikenne",
        "operationDirectionCode": 2,
        "operationStatus": null,
        "operationStatusCode": null,
        "operationType": null,
        "operationTypeCode": null,
        "owner": "Kemin kaupunki",
        "referenceLevel": "N2000",
        "type": "Navigointialue",
        "typeCode": 1,
        "verificationDate": "2020-04-16",
      },
      {
        "additionalInformation": null,
        "depth": 6.3,
        "direction": 14,
        "draft": 5.5,
        "fairways": [
          {
            "fairwayId": 10,
            "line": 1,
            "sequenceNumber": 200,
            "sizingSpeed": null,
            "sizingSpeed2": null,
            "status": 1,
          },
        ],
        "geometry": {
          "coordinates": [
            [
              [
                24.51288,
                65.66439,
              ],
              [
                24.5136,
                65.66467,
              ],
              [
                24.51358,
                65.66468,
              ],
              [
                24.51474,
                65.66514,
              ],
              [
                24.51476,
                65.66513,
              ],
              [
                24.51486,
                65.66517,
              ],
              [
                24.51464,
                65.66526,
              ],
              [
                24.5137,
                65.66503,
              ],
              [
                24.51307,
                65.66531,
              ],
              [
                24.51288,
                65.66439,
              ],
            ],
          ],
          "type": "Polygon",
        },
        "id": 126511,
        "journalNumber": "VÄYLÄ/2590/06.02.02/2020",
        "n2000ReferenceLevel": null,
        "n2000depth": null,
        "n2000draft": null,
        "name": null,
        "notation": null,
        "notationCode": null,
        "operationDirection": "Kaksisuuntainen liikenne",
        "operationDirectionCode": 2,
        "operationStatus": null,
        "operationStatusCode": null,
        "operationType": null,
        "operationTypeCode": null,
        "owner": "Kemin kaupunki",
        "referenceLevel": "N2000",
        "type": "Navigointialue",
        "typeCode": 1,
        "verificationDate": "2020-04-16",
      },
      {
        "additionalInformation": "Sampo laituri",
        "depth": 8.3,
        "direction": null,
        "draft": 7.5,
        "fairways": [
          {
            "fairwayId": 10,
            "line": 1,
            "sequenceNumber": 260,
            "sizingSpeed": null,
            "sizingSpeed2": null,
            "status": 1,
          },
        ],
        "geometry": {
          "coordinates": [
            [
              [
                24.51551,
                65.65993,
              ],
              [
                24.51696,
                65.66025,
              ],
              [
                24.51879,
                65.66111,
              ],
              [
                24.5213,
                65.66259,
              ],
              [
                24.51622,
                65.6602,
              ],
              [
                24.51551,
                65.65993,
              ],
            ],
          ],
          "type": "Polygon",
        },
        "id": 167038,
        "journalNumber": "VÄYLÄ/2590/06.02.02/2020",
        "n2000ReferenceLevel": null,
        "n2000depth": null,
        "n2000draft": null,
        "name": null,
        "notation": "Lateraali",
        "notationCode": 1,
        "operationDirection": "Kaksisuuntainen liikenne",
        "operationDirectionCode": 2,
        "operationStatus": null,
        "operationStatusCode": null,
        "operationType": null,
        "operationTypeCode": null,
        "owner": "Kemin kaupunki",
        "referenceLevel": "N2000",
        "type": "Navigointialue",
        "typeCode": 1,
        "verificationDate": "2020-04-16",
      },
      {
        "additionalInformation": null,
        "depth": 11.8,
        "direction": 41,
        "draft": 10,
        "fairways": [
          {
            "fairwayId": 10,
            "line": 1,
            "sequenceNumber": 20,
            "sizingSpeed": null,
            "sizingSpeed2": null,
            "status": 1,
          },
        ],
        "geometry": {
          "coordinates": [
            [
              [
                24.46915,
                65.6003,
              ],
              [
                24.45848,
                65.58534,
              ],
              [
                24.43594,
                65.55367,
              ],
              [
                24.38618,
                65.52704,
              ],
              [
                24.21152,
                65.44202,
              ],
              [
                23.96088,
                65.36158,
              ],
              [
                23.98115,
                65.35091,
              ],
              [
                24.12459,
                65.39826,
              ],
              [
                24.23431,
                65.43427,
              ],
              [
                24.36864,
                65.50521,
              ],
              [
                24.38363,
                65.51341,
              ],
              [
                24.41017,
                65.52792,
              ],
              [
                24.45141,
                65.55044,
              ],
              [
                24.45583,
                65.55858,
              ],
              [
                24.46697,
                65.57908,
              ],
              [
                24.47624,
                65.59614,
              ],
              [
                24.47707,
                65.59767,
              ],
              [
                24.46915,
                65.6003,
              ],
            ],
          ],
          "type": "Polygon",
        },
        "id": 235683,
        "journalNumber": "VÄYLÄ/2590/06.02.02/2020",
        "n2000ReferenceLevel": null,
        "n2000depth": null,
        "n2000draft": null,
        "name": null,
        "notation": "Lateraali",
        "notationCode": 1,
        "operationDirection": "Kaksisuuntainen liikenne",
        "operationDirectionCode": 2,
        "operationStatus": null,
        "operationStatusCode": null,
        "operationType": null,
        "operationTypeCode": null,
        "owner": "Väylävirasto",
        "referenceLevel": "N2000",
        "type": "Navigointialue",
        "typeCode": 1,
        "verificationDate": "2020-04-16",
      },
      {
        "additionalInformation": null,
        "depth": 11.8,
        "direction": 15,
        "draft": 10,
        "fairways": [
          {
            "fairwayId": 10,
            "line": 1,
            "sequenceNumber": 40,
            "sizingSpeed": null,
            "sizingSpeed2": null,
            "status": 1,
          },
        ],
        "geometry": {
          "coordinates": [
            [
              [
                24.46915,
                65.6003,
              ],
              [
                24.47707,
                65.59767,
              ],
              [
                24.48731,
                65.61648,
              ],
              [
                24.48096,
                65.61691,
              ],
              [
                24.48003,
                65.61561,
              ],
              [
                24.47174,
                65.60394,
              ],
              [
                24.46915,
                65.6003,
              ],
            ],
          ],
          "type": "Polygon",
        },
        "id": 249439,
        "journalNumber": "VÄYLÄ/2590/06.02.02/2020",
        "n2000ReferenceLevel": null,
        "n2000depth": null,
        "n2000draft": null,
        "name": null,
        "notation": "Lateraali",
        "notationCode": 1,
        "operationDirection": "Kaksisuuntainen liikenne",
        "operationDirectionCode": 2,
        "operationStatus": null,
        "operationStatusCode": null,
        "operationType": null,
        "operationTypeCode": null,
        "owner": "Väylävirasto",
        "referenceLevel": "N2000",
        "type": "Navigointialue",
        "typeCode": 1,
        "verificationDate": "2020-04-16",
      },
      {
        "additionalInformation": null,
        "depth": 11.8,
        "direction": 15,
        "draft": 10,
        "fairways": [
          {
            "fairwayId": 10,
            "line": 1,
            "sequenceNumber": 60,
            "sizingSpeed": null,
            "sizingSpeed2": null,
            "status": 1,
          },
        ],
        "geometry": {
          "coordinates": [
            [
              [
                24.48731,
                65.61648,
              ],
              [
                24.49202,
                65.62511,
              ],
              [
                24.4943,
                65.62904,
              ],
              [
                24.49564,
                65.63117,
              ],
              [
                24.50204,
                65.64134,
              ],
              [
                24.50362,
                65.64385,
              ],
              [
                24.50076,
                65.64643,
              ],
              [
                24.4938,
                65.63538,
              ],
              [
                24.49164,
                65.63195,
              ],
              [
                24.48096,
                65.61691,
              ],
              [
                24.48731,
                65.61648,
              ],
            ],
          ],
          "type": "Polygon",
        },
        "id": 249455,
        "journalNumber": "VÄYLÄ/5848/06.02.02/2021",
        "n2000ReferenceLevel": null,
        "n2000depth": null,
        "n2000draft": null,
        "name": null,
        "notation": "Lateraali",
        "notationCode": 1,
        "operationDirection": "Kaksisuuntainen liikenne",
        "operationDirectionCode": 2,
        "operationStatus": null,
        "operationStatusCode": null,
        "operationType": null,
        "operationTypeCode": null,
        "owner": "Väylävirasto",
        "referenceLevel": "N2000",
        "type": "Navigointialue",
        "typeCode": 1,
        "verificationDate": "2021-11-11",
      },
      {
        "additionalInformation": null,
        "depth": 11.12,
        "direction": 6,
        "draft": 10,
        "fairways": [
          {
            "fairwayId": 10,
            "line": 1,
            "sequenceNumber": 100,
            "sizingSpeed": null,
            "sizingSpeed2": null,
            "status": 1,
          },
        ],
        "geometry": {
          "coordinates": [
            [
              [
                24.50919,
                65.66449,
              ],
              [
                24.50831,
                65.66328,
              ],
              [
                24.50879,
                65.65919,
              ],
              [
                24.50567,
                65.65426,
              ],
              [
                24.50671,
                65.65415,
              ],
              [
                24.50686,
                65.65435,
              ],
              [
                24.51056,
                65.65986,
              ],
              [
                24.50986,
                65.6622,
              ],
              [
                24.50919,
                65.66449,
              ],
            ],
          ],
          "type": "Polygon",
        },
        "id": 250820,
        "journalNumber": "VÄYLÄ/7828/06.02.02/2021",
        "n2000ReferenceLevel": null,
        "n2000depth": null,
        "n2000draft": null,
        "name": null,
        "notation": "Lateraali",
        "notationCode": 1,
        "operationDirection": "Kaksisuuntainen liikenne",
        "operationDirectionCode": 2,
        "operationStatus": null,
        "operationStatusCode": null,
        "operationType": null,
        "operationTypeCode": null,
        "owner": "Kemin Satama Oy",
        "referenceLevel": "N2000",
        "type": "Navigointialue",
        "typeCode": 1,
        "verificationDate": "2021-11-05",
      },
      {
        "additionalInformation": null,
        "depth": 11.12,
        "direction": 16,
        "draft": 10,
        "fairways": [
          {
            "fairwayId": 10,
            "line": 1,
            "sequenceNumber": 140,
            "sizingSpeed": null,
            "sizingSpeed2": null,
            "status": 1,
          },
        ],
        "geometry": {
          "coordinates": [
            [
              [
                24.51315,
                65.65898,
              ],
              [
                24.51273,
                65.65878,
              ],
              [
                24.50896,
                65.65412,
              ],
              [
                24.50883,
                65.65392,
              ],
              [
                24.50988,
                65.65381,
              ],
              [
                24.51315,
                65.65898,
              ],
            ],
          ],
          "type": "Polygon",
        },
        "id": 250828,
        "journalNumber": "VÄYLÄ/7828/06.02.02/2021",
        "n2000ReferenceLevel": null,
        "n2000depth": null,
        "n2000draft": null,
        "name": null,
        "notation": "Lateraali",
        "notationCode": 1,
        "operationDirection": "Kaksisuuntainen liikenne",
        "operationDirectionCode": 2,
        "operationStatus": null,
        "operationStatusCode": null,
        "operationType": null,
        "operationTypeCode": null,
        "owner": "Kemin Satama Oy",
        "referenceLevel": "N2000",
        "type": "Navigointialue",
        "typeCode": 1,
        "verificationDate": "2021-11-05",
      },
      {
        "additionalInformation": null,
        "depth": 11.12,
        "direction": 49,
        "draft": 10,
        "fairways": [
          {
            "fairwayId": 10,
            "line": 1,
            "sequenceNumber": 160,
            "sizingSpeed": null,
            "sizingSpeed2": null,
            "status": 1,
          },
        ],
        "geometry": {
          "coordinates": [
            [
              [
                24.51728,
                65.66236,
              ],
              [
                24.51758,
                65.66246,
              ],
              [
                24.51583,
                65.66311,
              ],
              [
                24.51466,
                65.66331,
              ],
              [
                24.51557,
                65.66298,
              ],
              [
                24.51728,
                65.66236,
              ],
            ],
          ],
          "type": "Polygon",
        },
        "id": 250832,
        "journalNumber": "VÄYLÄ/7828/06.02.02/2021",
        "n2000ReferenceLevel": null,
        "n2000depth": null,
        "n2000draft": null,
        "name": null,
        "notation": "Lateraali",
        "notationCode": 1,
        "operationDirection": "Kaksisuuntainen liikenne",
        "operationDirectionCode": 2,
        "operationStatus": null,
        "operationStatusCode": null,
        "operationType": null,
        "operationTypeCode": null,
        "owner": "Kemin Satama Oy",
        "referenceLevel": "N2000",
        "type": "Navigointialue",
        "typeCode": 1,
        "verificationDate": "2021-11-05",
      },
      {
        "additionalInformation": null,
        "depth": 11.2,
        "direction": 14,
        "draft": 10,
        "fairways": [
          {
            "fairwayId": 10,
            "line": 1,
            "sequenceNumber": 120,
            "sizingSpeed": null,
            "sizingSpeed2": null,
            "status": 1,
          },
        ],
        "geometry": {
          "coordinates": [
            [
              [
                24.50671,
                65.65415,
              ],
              [
                24.50883,
                65.65392,
              ],
              [
                24.50896,
                65.65412,
              ],
              [
                24.51273,
                65.65878,
              ],
              [
                24.51315,
                65.65898,
              ],
              [
                24.51381,
                65.6593,
              ],
              [
                24.51551,
                65.65993,
              ],
              [
                24.51622,
                65.6602,
              ],
              [
                24.5213,
                65.66259,
              ],
              [
                24.52179,
                65.66358,
              ],
              [
                24.52159,
                65.66366,
              ],
              [
                24.52142,
                65.66357,
              ],
              [
                24.52092,
                65.66376,
              ],
              [
                24.51871,
                65.66272,
              ],
              [
                24.51856,
                65.66278,
              ],
              [
                24.51758,
                65.66246,
              ],
              [
                24.51728,
                65.66236,
              ],
              [
                24.51557,
                65.66298,
              ],
              [
                24.51466,
                65.66331,
              ],
              [
                24.51387,
                65.6636,
              ],
              [
                24.51368,
                65.66367,
              ],
              [
                24.51288,
                65.66439,
              ],
              [
                24.51307,
                65.66531,
              ],
              [
                24.5137,
                65.66554,
              ],
              [
                24.51368,
                65.66555,
              ],
              [
                24.51657,
                65.6666,
              ],
              [
                24.51612,
                65.66681,
              ],
              [
                24.51617,
                65.66712,
              ],
              [
                24.51667,
                65.66731,
              ],
              [
                24.51411,
                65.6685,
              ],
              [
                24.51394,
                65.66862,
              ],
              [
                24.51245,
                65.66931,
              ],
              [
                24.50917,
                65.66454,
              ],
              [
                24.50919,
                65.66449,
              ],
              [
                24.50986,
                65.6622,
              ],
              [
                24.51056,
                65.65986,
              ],
              [
                24.50686,
                65.65435,
              ],
              [
                24.50671,
                65.65415,
              ],
            ],
          ],
          "type": "Polygon",
        },
        "id": 251210,
        "journalNumber": "VÄYLÄ/2590/06.02.02/2020",
        "n2000ReferenceLevel": null,
        "n2000depth": null,
        "n2000draft": null,
        "name": null,
        "notation": "Lateraali",
        "notationCode": 1,
        "operationDirection": "Kaksisuuntainen liikenne",
        "operationDirectionCode": 2,
        "operationStatus": null,
        "operationStatusCode": null,
        "operationType": null,
        "operationTypeCode": null,
        "owner": "Kemin kaupunki",
        "referenceLevel": "N2000",
        "type": "Navigointialue",
        "typeCode": 1,
        "verificationDate": "2020-04-16",
      },
      {
        "additionalInformation": null,
        "depth": 9.2,
        "direction": 44,
        "draft": 8.6,
        "fairways": [
          {
            "fairwayId": 10,
            "line": 1,
            "sequenceNumber": 220,
            "sizingSpeed": null,
            "sizingSpeed2": null,
            "status": 1,
          },
        ],
        "geometry": {
          "coordinates": [
            [
              [
                24.51387,
                65.6636,
              ],
              [
                24.51466,
                65.66331,
              ],
              [
                24.51583,
                65.66311,
              ],
              [
                24.51671,
                65.66354,
              ],
              [
                24.51916,
                65.66468,
              ],
              [
                24.51879,
                65.66491,
              ],
              [
                24.51828,
                65.66522,
              ],
              [
                24.51387,
                65.6636,
              ],
            ],
          ],
          "type": "Polygon",
        },
        "id": 251517,
        "journalNumber": "VÄYLÄ/2590/06.02.02/2020",
        "n2000ReferenceLevel": null,
        "n2000depth": null,
        "n2000draft": null,
        "name": null,
        "notation": "Lateraali",
        "notationCode": 1,
        "operationDirection": "Kaksisuuntainen liikenne",
        "operationDirectionCode": 2,
        "operationStatus": null,
        "operationStatusCode": null,
        "operationType": null,
        "operationTypeCode": null,
        "owner": "Kemin kaupunki",
        "referenceLevel": "N2000",
        "type": "Navigointialue",
        "typeCode": 1,
        "verificationDate": "2020-04-16",
      },
      {
        "additionalInformation": null,
        "depth": 11.3,
        "direction": 14,
        "draft": 10,
        "fairways": [
          {
            "fairwayId": 10,
            "line": 1,
            "sequenceNumber": 80,
            "sizingSpeed": null,
            "sizingSpeed2": null,
            "status": 1,
          },
        ],
        "geometry": {
          "coordinates": [
            [
              [
                24.50567,
                65.65426,
              ],
              [
                24.50382,
                65.65126,
              ],
              [
                24.50259,
                65.64932,
              ],
              [
                24.50076,
                65.64643,
              ],
              [
                24.50362,
                65.64385,
              ],
              [
                24.50988,
                65.65381,
              ],
              [
                24.50883,
                65.65392,
              ],
              [
                24.50671,
                65.65415,
              ],
              [
                24.50567,
                65.65426,
              ],
            ],
          ],
          "type": "Polygon",
        },
        "id": 264383,
        "journalNumber": "TRAFICOM/511090/05.01.26.00/2022",
        "n2000ReferenceLevel": null,
        "n2000depth": null,
        "n2000draft": null,
        "name": null,
        "notation": "Lateraali",
        "notationCode": 1,
        "operationDirection": "Kaksisuuntainen liikenne",
        "operationDirectionCode": 2,
        "operationStatus": null,
        "operationStatusCode": null,
        "operationType": null,
        "operationTypeCode": null,
        "owner": "Väylävirasto",
        "referenceLevel": "N2000",
        "type": "Navigointialue",
        "typeCode": 1,
        "verificationDate": "2022-10-27",
      },
      {
        "additionalInformation": "Bothnia VTS-alue, Kemi: Ajoksen satama - poijupari Inakari 1 ja 2 latitudien 65º39,5’ P ja
65º38,9’ P välillä 10,0 metrin väylällä. Kiellot eivät koske kohtaamisia ja ohittamisia, joissa ainakin toisena osapuolena on hinaaja tai sellaiseen kooltaan rinnastettava alus.",
        "depth": null,
        "direction": null,
        "draft": null,
        "fairways": [
          {
            "fairwayId": 10,
            "line": 1,
            "sequenceNumber": null,
            "sizingSpeed": null,
            "sizingSpeed2": null,
            "status": 1,
          },
        ],
        "geometry": {
          "coordinates": [
            [
              [
                24.50567,
                65.65426,
              ],
              [
                24.50076,
                65.64643,
              ],
              [
                24.50362,
                65.64385,
              ],
              [
                24.50988,
                65.65381,
              ],
              [
                24.50567,
                65.65426,
              ],
            ],
          ],
          "type": "Polygon",
        },
        "id": 267712,
        "journalNumber": "TRAFICOM/262044/05.01.24/2021",
        "n2000ReferenceLevel": null,
        "n2000depth": null,
        "n2000draft": null,
        "name": null,
        "notation": null,
        "notationCode": null,
        "operationDirection": "Kaksisuuntainen liikenne",
        "operationDirectionCode": 2,
        "operationStatus": null,
        "operationStatusCode": null,
        "operationType": null,
        "operationTypeCode": null,
        "owner": "Väylävirasto",
        "referenceLevel": null,
        "type": "Kohtaamis- ja ohittamiskieltoalue",
        "typeCode": 15,
        "verificationDate": "2023-01-19",
      },
    ],
    "boardLines": [
      {
        "direction": 14.6,
        "fairways": [
          {
            "fairwayId": 10,
          },
        ],
        "geometry": {
          "coordinates": [
            [
              24.52075,
              65.67455,
            ],
            [
              24.51396,
              65.66379,
            ],
            [
              24.44376,
              65.55208,
            ],
          ],
          "type": "LineString",
        },
        "id": 9307,
      },
    ],
    "classifications": [
      {
        "fairwayClass": {
          "fi": "VL1: Kauppamerenkulun pääväylä",
          "sv": "Handelstrafikens farled av 1-kl",
        },
        "fairwayClassCode": 1,
        "type": "Väyläluokitus",
      },
      {
        "fairwayClass": {
          "fi": "T1",
          "sv": null,
        },
        "fairwayClassCode": 1,
        "type": "Tekninen luokitus",
      },
      {
        "fairwayClass": {
          "fi": "A",
          "sv": null,
        },
        "fairwayClassCode": 1,
        "type": "Väylänhoitoluokitus",
      },
    ],
    "endText": "Ajoksen satama. ",
    "id": 10,
    "lighting": {
      "fi": "Valaistu",
      "sv": "Belyst",
    },
    "lightingCode": 1,
    "name": {
      "fi": "Kemi Ajos väylä",
      "sv": "Kemi Ajos farled",
    },
    "navigationLines": [
      {
        "additionalInformation": null,
        "depth": 11.8,
        "direction": 38.8,
        "draft": 10,
        "fairways": [
          {
            "fairwayId": 10,
            "line": 1,
            "status": 1,
          },
        ],
        "geometry": {
          "coordinates": [
            [
              24.22575,
              65.43953,
            ],
            [
              24.31437,
              65.48536,
            ],
          ],
          "type": "LineString",
        },
        "id": 9309,
        "journalNumber": "VÄYLÄ/2590/06.02.02/2020",
        "length": 6556,
        "n2000ReferenceLevel": null,
        "n2000depth": null,
        "n2000draft": null,
        "owner": "Väylävirasto",
        "referenceLevel": "N2000",
        "type": "Suora linja",
        "typeCode": 1,
        "verificationDate": "2020-04-16",
      },
      {
        "additionalInformation": null,
        "depth": 9.2,
        "direction": 39.3,
        "draft": 8.6,
        "fairways": [
          {
            "fairwayId": 10,
            "line": 2,
            "status": 1,
          },
        ],
        "geometry": {
          "coordinates": [
            [
              24.51335,
              65.66283,
            ],
            [
              24.5169,
              65.66462,
            ],
          ],
          "type": "LineString",
        },
        "id": 115929,
        "journalNumber": "VÄYLÄ/2590/06.02.02/2020",
        "length": 257,
        "n2000ReferenceLevel": null,
        "n2000depth": null,
        "n2000draft": null,
        "owner": "Kemin kaupunki",
        "referenceLevel": "N2000",
        "type": "Suora linja",
        "typeCode": 1,
        "verificationDate": "2020-04-16",
      },
      {
        "additionalInformation": null,
        "depth": 6.3,
        "direction": 68.3,
        "draft": 5.5,
        "fairways": [
          {
            "fairwayId": 10,
            "line": 1,
            "status": 1,
          },
        ],
        "geometry": {
          "coordinates": [
            [
              24.51154,
              65.66447,
            ],
            [
              24.51354,
              65.6648,
            ],
          ],
          "type": "LineString",
        },
        "id": 115941,
        "journalNumber": "VÄYLÄ/2590/06.02.02/2020",
        "length": 99,
        "n2000ReferenceLevel": null,
        "n2000depth": null,
        "n2000draft": null,
        "owner": "Kemin kaupunki",
        "referenceLevel": "N2000",
        "type": "Suora linja",
        "typeCode": 1,
        "verificationDate": "2020-04-16",
      },
      {
        "additionalInformation": null,
        "depth": 11.2,
        "direction": 59.6,
        "draft": 10,
        "fairways": [
          {
            "fairwayId": 10,
            "line": 1,
            "status": 1,
          },
        ],
        "geometry": {
          "coordinates": [
            [
              24.51153,
              65.66533,
            ],
            [
              24.51492,
              65.66615,
            ],
          ],
          "type": "LineString",
        },
        "id": 115949,
        "journalNumber": "VÄYLÄ/2590/06.02.02/2020",
        "length": 181,
        "n2000ReferenceLevel": null,
        "n2000depth": null,
        "n2000draft": null,
        "owner": "Kemin kaupunki",
        "referenceLevel": "N2000",
        "type": "Suora linja",
        "typeCode": 1,
        "verificationDate": "2020-04-16",
      },
      {
        "additionalInformation": null,
        "depth": 11.2,
        "direction": 30.3,
        "draft": 10,
        "fairways": [
          {
            "fairwayId": 10,
            "line": 1,
            "status": 1,
          },
        ],
        "geometry": {
          "coordinates": [
            [
              24.51153,
              65.66533,
            ],
            [
              24.51483,
              65.66766,
            ],
          ],
          "type": "LineString",
        },
        "id": 115955,
        "journalNumber": "VÄYLÄ/2590/06.02.02/2020",
        "length": 301,
        "n2000ReferenceLevel": null,
        "n2000depth": null,
        "n2000draft": null,
        "owner": "Kemin kaupunki",
        "referenceLevel": "N2000",
        "type": "Suora linja",
        "typeCode": 1,
        "verificationDate": "2020-04-16",
      },
      {
        "additionalInformation": null,
        "depth": 11.2,
        "direction": 353.2,
        "draft": 5,
        "fairways": [
          {
            "fairwayId": 10,
            "line": 2,
            "status": 1,
          },
        ],
        "geometry": {
          "coordinates": [
            [
              24.51125,
              65.6595,
            ],
            [
              24.50964,
              65.66504,
            ],
          ],
          "type": "LineString",
        },
        "id": 115957,
        "journalNumber": "VÄYLÄ/2590/06.02.02/2020",
        "length": 623,
        "n2000ReferenceLevel": null,
        "n2000depth": null,
        "n2000draft": null,
        "owner": "Kemin kaupunki",
        "referenceLevel": "N2000",
        "type": "Suora linja",
        "typeCode": 1,
        "verificationDate": "2020-04-16",
      },
      {
        "additionalInformation": null,
        "depth": 11.2,
        "direction": 41.7,
        "draft": 10,
        "fairways": [
          {
            "fairwayId": 10,
            "line": 1,
            "status": 1,
          },
        ],
        "geometry": {
          "coordinates": [
            [
              24.51095,
              65.65904,
            ],
            [
              24.51218,
              65.6596,
            ],
            [
              24.51918,
              65.66284,
            ],
          ],
          "type": "LineString",
        },
        "id": 118217,
        "journalNumber": "VÄYLÄ/2590/06.02.02/2020",
        "length": 569,
        "n2000ReferenceLevel": null,
        "n2000depth": null,
        "n2000draft": null,
        "owner": "Kemin kaupunki",
        "referenceLevel": "N2000",
        "type": "Suora linja",
        "typeCode": 1,
        "verificationDate": "2020-04-16",
      },
      {
        "additionalInformation": null,
        "depth": 11.2,
        "direction": 82,
        "draft": 10,
        "fairways": [
          {
            "fairwayId": 10,
            "line": 1,
            "status": 1,
          },
        ],
        "geometry": {
          "coordinates": [
            [
              24.51218,
              65.6596,
            ],
            [
              24.51439,
              65.65973,
            ],
          ],
          "type": "LineString",
        },
        "id": 118220,
        "journalNumber": "VÄYLÄ/2590/06.02.02/2020",
        "length": 103,
        "n2000ReferenceLevel": null,
        "n2000depth": null,
        "n2000draft": null,
        "owner": "Kemin kaupunki",
        "referenceLevel": "N2000",
        "type": "Suora linja",
        "typeCode": 1,
        "verificationDate": "2020-04-16",
      },
      {
        "additionalInformation": null,
        "depth": 11.2,
        "direction": 359.6,
        "draft": 10,
        "fairways": [
          {
            "fairwayId": 10,
            "line": 2,
            "status": 1,
          },
        ],
        "geometry": {
          "coordinates": [
            [
              24.51161,
              65.66008,
            ],
            [
              24.51154,
              65.66447,
            ],
            [
              24.51153,
              65.66533,
            ],
          ],
          "type": "LineString",
        },
        "id": 118223,
        "journalNumber": "VÄYLÄ/2590/06.02.02/2020",
        "length": 586,
        "n2000ReferenceLevel": null,
        "n2000depth": null,
        "n2000draft": null,
        "owner": "Kemin kaupunki",
        "referenceLevel": "N2000",
        "type": "Suora linja",
        "typeCode": 1,
        "verificationDate": "2020-04-16",
      },
      {
        "additionalInformation": null,
        "depth": 11.2,
        "direction": 14.6,
        "draft": 10,
        "fairways": [
          {
            "fairwayId": 10,
            "line": 2,
            "status": 1,
          },
        ],
        "geometry": {
          "coordinates": [
            [
              24.51095,
              65.65904,
            ],
            [
              24.51125,
              65.6595,
            ],
            [
              24.51161,
              65.66008,
            ],
          ],
          "type": "LineString",
        },
        "id": 144567,
        "journalNumber": "VÄYLÄ/2590/06.02.02/2020",
        "length": 120,
        "n2000ReferenceLevel": null,
        "n2000depth": null,
        "n2000draft": null,
        "owner": "Kemin kaupunki",
        "referenceLevel": "N2000",
        "type": "Suora linja",
        "typeCode": 1,
        "verificationDate": "2020-04-16",
      },
      {
        "additionalInformation": null,
        "depth": 11.2,
        "direction": 14.6,
        "draft": 8.7,
        "fairways": [
          {
            "fairwayId": 10,
            "line": 2,
            "status": 1,
          },
        ],
        "geometry": {
          "coordinates": [
            [
              24.51161,
              65.66008,
            ],
            [
              24.51335,
              65.66283,
            ],
          ],
          "type": "LineString",
        },
        "id": 144571,
        "journalNumber": "VÄYLÄ/2590/06.02.02/2020",
        "length": 317,
        "n2000ReferenceLevel": null,
        "n2000depth": null,
        "n2000draft": null,
        "owner": "Kemin kaupunki",
        "referenceLevel": "N2000",
        "type": "Suora linja",
        "typeCode": 1,
        "verificationDate": "2020-04-16",
      },
      {
        "additionalInformation": null,
        "depth": 11.8,
        "direction": 38.9,
        "draft": 10,
        "fairways": [
          {
            "fairwayId": 10,
            "line": 1,
            "status": 1,
          },
        ],
        "geometry": {
          "coordinates": [
            [
              24.38652,
              65.52265,
            ],
            [
              24.40869,
              65.53408,
            ],
            [
              24.44377,
              65.55209,
            ],
          ],
          "type": "LineString",
        },
        "id": 203809,
        "journalNumber": "VÄYLÄ/2590/06.02.02/2020",
        "length": 4216,
        "n2000ReferenceLevel": null,
        "n2000depth": null,
        "n2000draft": null,
        "owner": "Väylävirasto",
        "referenceLevel": "N2000",
        "type": "Suora linja",
        "typeCode": 1,
        "verificationDate": "2020-04-16",
      },
      {
        "additionalInformation": null,
        "depth": 11.8,
        "direction": 38.8,
        "draft": 10,
        "fairways": [
          {
            "fairwayId": 10,
            "line": 1,
            "status": 1,
          },
        ],
        "geometry": {
          "coordinates": [
            [
              24.31437,
              65.48536,
            ],
            [
              24.38003,
              65.51931,
            ],
            [
              24.38652,
              65.52265,
            ],
          ],
          "type": "LineString",
        },
        "id": 203881,
        "journalNumber": "VÄYLÄ/2590/06.02.02/2020",
        "length": 5334,
        "n2000ReferenceLevel": null,
        "n2000depth": null,
        "n2000draft": null,
        "owner": "Väylävirasto",
        "referenceLevel": "N2000",
        "type": "Suora linja",
        "typeCode": 1,
        "verificationDate": "2020-04-16",
      },
      {
        "additionalInformation": null,
        "depth": 9.2,
        "direction": 54.6,
        "draft": 8.6,
        "fairways": [
          {
            "fairwayId": 10,
            "line": 2,
            "status": 1,
          },
        ],
        "geometry": {
          "coordinates": [
            [
              24.51335,
              65.66283,
            ],
            [
              24.51753,
              65.66406,
            ],
          ],
          "type": "LineString",
        },
        "id": 226042,
        "journalNumber": "VÄYLÄ/2590/06.02.02/2020",
        "length": 236,
        "n2000ReferenceLevel": null,
        "n2000depth": null,
        "n2000draft": null,
        "owner": "Kemin kaupunki",
        "referenceLevel": "N2000",
        "type": "Suora linja",
        "typeCode": 1,
        "verificationDate": "2020-04-16",
      },
      {
        "additionalInformation": null,
        "depth": 11.8,
        "direction": 52.1,
        "draft": 10,
        "fairways": [
          {
            "fairwayId": 10,
            "line": 1,
            "status": 1,
          },
        ],
        "geometry": {
          "coordinates": [
            [
              23.97013,
              65.35672,
            ],
            [
              24.22575,
              65.43953,
            ],
          ],
          "type": "LineString",
        },
        "id": 231635,
        "journalNumber": "VÄYLÄ/2590/06.02.02/2020",
        "length": 15046,
        "n2000ReferenceLevel": null,
        "n2000depth": null,
        "n2000draft": null,
        "owner": "Väylävirasto",
        "referenceLevel": "N2000",
        "type": "Suora linja",
        "typeCode": 1,
        "verificationDate": "2020-04-16",
      },
      {
        "additionalInformation": null,
        "depth": 11.8,
        "direction": 15.1,
        "draft": 10,
        "fairways": [
          {
            "fairwayId": 10,
            "line": 1,
            "status": 1,
          },
        ],
        "geometry": {
          "coordinates": [
            [
              24.46936,
              65.59309,
            ],
            [
              24.46948,
              65.59327,
            ],
            [
              24.4719,
              65.59698,
            ],
          ],
          "type": "LineString",
        },
        "id": 235628,
        "journalNumber": "VÄYLÄ/2590/06.02.02/2020",
        "length": 449,
        "n2000ReferenceLevel": null,
        "n2000depth": null,
        "n2000draft": null,
        "owner": "Väylävirasto",
        "referenceLevel": "N2000",
        "type": "Suora linja",
        "typeCode": 1,
        "verificationDate": "2020-04-16",
      },
      {
        "additionalInformation": null,
        "depth": 11.8,
        "direction": 14.5,
        "draft": 10,
        "fairways": [
          {
            "fairwayId": 10,
            "line": 1,
            "status": 1,
          },
        ],
        "geometry": {
          "coordinates": [
            [
              24.44377,
              65.55209,
            ],
            [
              24.45614,
              65.57186,
            ],
            [
              24.45818,
              65.57509,
            ],
            [
              24.46809,
              65.59104,
            ],
            [
              24.46936,
              65.59309,
            ],
          ],
          "type": "LineString",
        },
        "id": 235671,
        "journalNumber": "VÄYLÄ/2590/06.02.02/2020",
        "length": 4721,
        "n2000ReferenceLevel": null,
        "n2000depth": null,
        "n2000draft": null,
        "owner": "Väylävirasto",
        "referenceLevel": "N2000",
        "type": "Suora linja",
        "typeCode": 1,
        "verificationDate": "2020-04-16",
      },
      {
        "additionalInformation": null,
        "depth": 11.3,
        "direction": 14.6,
        "draft": 10,
        "fairways": [
          {
            "fairwayId": 10,
            "line": 1,
            "status": 1,
          },
        ],
        "geometry": {
          "coordinates": [
            [
              24.50218,
              65.64515,
            ],
            [
              24.50778,
              65.65403,
            ],
          ],
          "type": "LineString",
        },
        "id": 249523,
        "journalNumber": "VÄYLÄ/5848/06.02.02/2021",
        "length": 1023,
        "n2000ReferenceLevel": null,
        "n2000depth": null,
        "n2000draft": null,
        "owner": "Väylävirasto",
        "referenceLevel": "N2000",
        "type": "Suora linja",
        "typeCode": 1,
        "verificationDate": "2021-11-11",
      },
      {
        "additionalInformation": null,
        "depth": 11.8,
        "direction": 14.6,
        "draft": 10,
        "fairways": [
          {
            "fairwayId": 10,
            "line": 1,
            "status": 1,
          },
        ],
        "geometry": {
          "coordinates": [
            [
              24.48382,
              65.61602,
            ],
            [
              24.49853,
              65.63937,
            ],
            [
              24.50218,
              65.64515,
            ],
          ],
          "type": "LineString",
        },
        "id": 249527,
        "journalNumber": "VÄYLÄ/5848/06.02.02/2021",
        "length": 3356,
        "n2000ReferenceLevel": null,
        "n2000depth": null,
        "n2000draft": null,
        "owner": "Väylävirasto",
        "referenceLevel": "N2000",
        "type": "Suora linja",
        "typeCode": 1,
        "verificationDate": "2021-11-11",
      },
      {
        "additionalInformation": null,
        "depth": 11.8,
        "direction": 14.5,
        "draft": 10,
        "fairways": [
          {
            "fairwayId": 10,
            "line": 1,
            "status": 1,
          },
        ],
        "geometry": {
          "coordinates": [
            [
              24.4719,
              65.59698,
            ],
            [
              24.48382,
              65.61602,
            ],
          ],
          "type": "LineString",
        },
        "id": 249531,
        "journalNumber": "VÄYLÄ/2590/06.02.02/2020",
        "length": 2193,
        "n2000ReferenceLevel": null,
        "n2000depth": null,
        "n2000draft": null,
        "owner": "Väylävirasto",
        "referenceLevel": "N2000",
        "type": "Suora linja",
        "typeCode": 1,
        "verificationDate": "2020-04-16",
      },
      {
        "additionalInformation": null,
        "depth": 11.2,
        "direction": 14.6,
        "draft": 10,
        "fairways": [
          {
            "fairwayId": 10,
            "line": 1,
            "status": 1,
          },
        ],
        "geometry": {
          "coordinates": [
            [
              24.50778,
              65.65403,
            ],
            [
              24.51095,
              65.65904,
            ],
          ],
          "type": "LineString",
        },
        "id": 251228,
        "journalNumber": "VÄYLÄ/2590/06.02.02/2020",
        "length": 577,
        "n2000ReferenceLevel": null,
        "n2000depth": null,
        "n2000draft": null,
        "owner": "Kemin kaupunki",
        "referenceLevel": "N2000",
        "type": "Suora linja",
        "typeCode": 1,
        "verificationDate": "2020-04-16",
      },
    ],
    "owner": null,
    "primary": true,
    "restrictionAreas": [],
    "secondary": true,
    "sizing": {
      "additionalInformation": null,
      "mareograph": null,
      "minimumTurningCircle": null,
      "minimumWidth": 200,
      "normalTurningCircle": null,
      "normalWidth": null,
      "reserveWater": null,
    },
    "sizingVessels": [
      {
        "bodyFactor": null,
        "draft": 10,
        "length": 180,
        "size": 30000,
        "type": "Muu",
        "typeCode": 11,
        "width": 27,
      },
    ],
    "startText": "Kemi 1 E-puolella.",
    "turningCircles": [],
    "type": {
      "fi": "Meriväylä",
      "sv": "Havsfarled",
    },
    "typeCode": 1,
  },
]
`;
