// Jest Snapshot v1, https://goo.gl/fbAQLP

exports[`should get fairway card fairways from api when cache expired 1`] = `
[
  {
    "area": {
      "fi": "Perämeri",
      "sv": "Bottenviken",
    },
    "areas": [
      {
        "additionalInformation": null,
        "depth": 10.6,
        "direction": 14,
        "draft": 10,
        "fairways": [
          {
            "fairwayId": 10,
            "line": 1,
            "sequenceNumber": 180,
            "sizingSpeed": null,
            "sizingSpeed2": null,
            "status": 1,
          },
        ],
        "geometry": {
          "coordinates": [
            [
              [
                24.51871,
                65.66272,
              ],
              [
                24.52092,
                65.66376,
              ],
              [
                24.52142,
                65.66357,
              ],
              [
                24.52159,
                65.66366,
              ],
              [
                24.52098,
                65.66388,
              ],
              [
                24.51877,
                65.66285,
              ],
              [
                24.51871,
                65.66282,
              ],
              [
                24.51865,
                65.66281,
              ],
              [
                24.51856,
                65.66278,
              ],
              [
                24.51871,
                65.66272,
              ],
            ],
          ],
          "type": "Polygon",
        },
        "id": 126509,
        "journalNumber": "VÄYLÄ/2590/06.02.02/2020",
        "n2000ReferenceLevel": null,
        "n2000depth": null,
        "n2000draft": null,
        "name": null,
        "notation": "Kardinaali",
        "notationCode": 2,
        "operationDirection": "Kaksisuuntainen liikenne",
        "operationDirectionCode": 2,
        "operationStatus": null,
        "operationStatusCode": null,
        "operationType": null,
        "operationTypeCode": null,
        "owner": "Kemin kaupunki",
        "referenceLevel": "N2000",
        "type": "Navigointialue",
        "typeCode": 1,
        "verificationDate": "2020-04-16",
      },
    ],
    "boardLines": [
      {
        "direction": 14.6,
        "fairways": [
          {
            "fairwayId": 10,
          },
        ],
        "geometry": {
          "coordinates": [
            [
              24.52075,
              65.67455,
            ],
            [
              24.51396,
              65.66379,
            ],
            [
              24.44376,
              65.55208,
            ],
          ],
          "type": "LineString",
        },
        "id": 9307,
      },
    ],
    "classifications": [
      {
        "fairwayClass": {
          "fi": "VL1: Kauppamerenkulun pääväylä",
          "sv": "Handelstrafikens farled av 1-kl",
        },
        "fairwayClassCode": 1,
        "type": "Väyläluokitus",
      },
      {
        "fairwayClass": {
          "fi": "T1",
          "sv": null,
        },
        "fairwayClassCode": 1,
        "type": "Tekninen luokitus",
      },
      {
        "fairwayClass": {
          "fi": "A",
          "sv": null,
        },
        "fairwayClassCode": 1,
        "type": "Väylänhoitoluokitus",
      },
    ],
    "endText": "Ajoksen satama. ",
    "id": 10,
    "lighting": {
      "fi": "Valaistu",
      "sv": "Belyst",
    },
    "lightingCode": 1,
    "name": {
      "fi": "Kemi Ajos väylä",
      "sv": "Kemi Ajos farled",
    },
    "navigationLines": [
      {
        "additionalInformation": null,
        "depth": 11.8,
        "direction": 38.8,
        "draft": 10,
        "fairways": [
          {
            "fairwayId": 10,
            "line": 1,
            "status": 1,
          },
        ],
        "geometry": {
          "coordinates": [
            [
              24.22575,
              65.43953,
            ],
            [
              24.31437,
              65.48536,
            ],
          ],
          "type": "LineString",
        },
        "id": 9309,
        "journalNumber": "VÄYLÄ/2590/06.02.02/2020",
        "length": 6556,
        "n2000ReferenceLevel": null,
        "n2000depth": null,
        "n2000draft": null,
        "owner": "Väylävirasto",
        "referenceLevel": "N2000",
        "type": "Suora linja",
        "typeCode": 1,
        "verificationDate": "2020-04-16",
      },
    ],
    "owner": null,
    "primary": true,
    "prohibitionAreas": [],
    "restrictionAreas": [],
    "secondary": true,
    "sizing": {
      "additionalInformation": null,
      "mareograph": null,
      "minimumTurningCircle": null,
      "minimumWidth": 200,
      "normalTurningCircle": null,
      "normalWidth": null,
      "reserveWater": null,
    },
    "sizingVessels": [
      {
        "bodyFactor": null,
        "draft": 10,
        "length": 180,
        "size": 30000,
        "type": "Muu",
        "typeCode": 11,
        "width": 27,
      },
    ],
    "startText": "Kemi 1 E-puolella.",
    "turningCircles": [],
    "type": {
      "fi": "Meriväylä",
      "sv": "Havsfarled",
    },
    "typeCode": 1,
  },
]
`;

exports[`should get fairway card fairways from cache 1`] = `
[
  {
    "area": {
      "fi": "Perämeri",
      "sv": "Bottenviken",
    },
    "areas": [
      {
        "additionalInformation": null,
        "depth": 10.6,
        "direction": 14,
        "draft": 10,
        "fairways": [
          {
            "fairwayId": 10,
            "line": 1,
            "sequenceNumber": 180,
            "sizingSpeed": null,
            "sizingSpeed2": null,
            "status": 1,
          },
        ],
        "geometry": {
          "coordinates": [
            [
              [
                24.51871,
                65.66272,
              ],
              [
                24.52092,
                65.66376,
              ],
              [
                24.52142,
                65.66357,
              ],
              [
                24.52159,
                65.66366,
              ],
              [
                24.52098,
                65.66388,
              ],
              [
                24.51877,
                65.66285,
              ],
              [
                24.51871,
                65.66282,
              ],
              [
                24.51865,
                65.66281,
              ],
              [
                24.51856,
                65.66278,
              ],
              [
                24.51871,
                65.66272,
              ],
            ],
          ],
          "type": "Polygon",
        },
        "id": 126509,
        "journalNumber": "VÄYLÄ/2590/06.02.02/2020",
        "n2000ReferenceLevel": null,
        "n2000depth": null,
        "n2000draft": null,
        "name": null,
        "notation": "Kardinaali",
        "notationCode": 2,
        "operationDirection": "Kaksisuuntainen liikenne",
        "operationDirectionCode": 2,
        "operationStatus": null,
        "operationStatusCode": null,
        "operationType": null,
        "operationTypeCode": null,
        "owner": "Kemin kaupunki",
        "referenceLevel": "N2000",
        "type": "Navigointialue",
        "typeCode": 1,
        "verificationDate": "2020-04-16",
      },
    ],
    "boardLines": [
      {
        "direction": 14.6,
        "fairways": [
          {
            "fairwayId": 10,
          },
        ],
        "geometry": {
          "coordinates": [
            [
              24.52075,
              65.67455,
            ],
            [
              24.51396,
              65.66379,
            ],
            [
              24.44376,
              65.55208,
            ],
          ],
          "type": "LineString",
        },
        "id": 9307,
      },
    ],
    "classifications": [
      {
        "fairwayClass": {
          "fi": "VL1: Kauppamerenkulun pääväylä",
          "sv": "Handelstrafikens farled av 1-kl",
        },
        "fairwayClassCode": 1,
        "type": "Väyläluokitus",
      },
      {
        "fairwayClass": {
          "fi": "T1",
          "sv": null,
        },
        "fairwayClassCode": 1,
        "type": "Tekninen luokitus",
      },
      {
        "fairwayClass": {
          "fi": "A",
          "sv": null,
        },
        "fairwayClassCode": 1,
        "type": "Väylänhoitoluokitus",
      },
    ],
    "endText": "Ajoksen satama. ",
    "id": 10,
    "lighting": {
      "fi": "Valaistu",
      "sv": "Belyst",
    },
    "lightingCode": 1,
    "name": {
      "fi": "Kemi Ajos väylä",
      "sv": "Kemi Ajos farled",
    },
    "navigationLines": [
      {
        "additionalInformation": null,
        "depth": 11.8,
        "direction": 38.8,
        "draft": 10,
        "fairways": [
          {
            "fairwayId": 10,
            "line": 1,
            "status": 1,
          },
        ],
        "geometry": {
          "coordinates": [
            [
              24.22575,
              65.43953,
            ],
            [
              24.31437,
              65.48536,
            ],
          ],
          "type": "LineString",
        },
        "id": 9309,
        "journalNumber": "VÄYLÄ/2590/06.02.02/2020",
        "length": 6556,
        "n2000ReferenceLevel": null,
        "n2000depth": null,
        "n2000draft": null,
        "owner": "Väylävirasto",
        "referenceLevel": "N2000",
        "type": "Suora linja",
        "typeCode": 1,
        "verificationDate": "2020-04-16",
      },
    ],
    "owner": null,
    "primary": true,
    "prohibitionAreas": [],
    "restrictionAreas": [],
    "secondary": true,
    "sizing": {
      "additionalInformation": null,
      "mareograph": null,
      "minimumTurningCircle": null,
      "minimumWidth": 200,
      "normalTurningCircle": null,
      "normalWidth": null,
      "reserveWater": null,
    },
    "sizingVessels": [
      {
        "bodyFactor": null,
        "draft": 10,
        "length": 180,
        "size": 30000,
        "type": "Muu",
        "typeCode": 11,
        "width": 27,
      },
    ],
    "startText": "Kemi 1 E-puolella.",
    "turningCircles": [],
    "type": {
      "fi": "Meriväylä",
      "sv": "Havsfarled",
    },
    "typeCode": 1,
  },
]
`;
