// Jest Snapshot v1, https://goo.gl/fbAQLP

exports[`should get areas from api 1`] = `
{
  "features": [
    {
      "geometry": {
        "coordinates": [
          [
            [
              26.3684718529,
              60.3042285176,
            ],
            [
              26.3747757247,
              60.3006386974,
            ],
            [
              26.3916301723,
              60.3039381049,
            ],
            [
              26.3838445268,
              60.3072378752,
            ],
            [
              26.3684718529,
              60.3042285176,
            ],
          ],
        ],
        "type": "Polygon",
      },
      "id": 193273,
      "properties": {
        "depth": 12,
        "draft": 9.5,
        "fairways": [
          {
            "fairwayId": 5345,
            "line": 1,
            "name": {
              "fi": "Loviisan väylä",
              "sv": "Farleden till Lovisa",
            },
            "sizingSpeed": null,
            "sizingSpeed2": null,
            "status": 1,
          },
          {
            "fairwayId": 4865,
            "line": 1,
            "name": {
              "fi": "Etelä-Suomen talviväylä I ",
              "sv": "Södra Finlands vinterfarled I",
            },
            "sizingSpeed": null,
            "sizingSpeed2": null,
            "status": 2,
          },
        ],
        "featureType": "area",
        "id": 193273,
        "name": null,
        "referenceLevel": "MW2005",
        "type": "Navigointialue",
        "typeCode": 1,
      },
      "type": "Feature",
    },
  ],
  "type": "FeatureCollection",
}
`;

exports[`should get buoys from api 1`] = `
{
  "features": [
    {
      "geometry": {
        "coordinates": [
          20.99833,
          59.24817,
        ],
        "type": "Point",
      },
      "id": 134220,
      "properties": {
        "dateTime": 1689579000000,
        "featureType": "buoy",
        "name": "Pohjois-Itämeri aaltopoiju",
        "temperature": 17.5,
        "waveDirection": 216,
        "waveHeight": 1.3,
      },
      "type": "Feature",
    },
    {
      "geometry": {
        "coordinates": [
          25.235,
          59.965,
        ],
        "type": "Point",
      },
      "id": 134221,
      "properties": {
        "dateTime": 1689579000000,
        "featureType": "buoy",
        "name": "Suomenlahti aaltopoiju",
        "temperature": 16.6,
        "waveDirection": 232,
        "waveHeight": 0.5,
      },
      "type": "Feature",
    },
    {
      "geometry": {
        "coordinates": [
          24.9725,
          60.12333,
        ],
        "type": "Point",
      },
      "id": 103976,
      "properties": {
        "dateTime": 1689584100000,
        "featureType": "buoy",
        "name": "Helsinki Suomenlinna aaltopoiju",
        "temperature": 15.3,
        "waveDirection": 200,
        "waveHeight": 2.3,
      },
      "type": "Feature",
    },
  ],
  "type": "FeatureCollection",
}
`;

exports[`should get harbors from DynamoDB 1`] = `
{
  "features": [
    {
      "geometry": {
        "coordinates": [
          1,
          2,
        ],
      },
      "id": "1;2",
      "properties": {
        "featureType": "harbor",
        "harborId": "test1",
        "id": "1;2",
        "name": {
          "en": "Harboren",
          "fi": "Harborfi",
          "sv": "Harborsv",
        },
        "quays": 0,
      },
      "type": "Feature",
    },
    {
      "geometry": {
        "coordinates": [
          3,
          4,
        ],
      },
      "id": "3;4",
      "properties": {
        "featureType": "harbor",
        "harborId": "test2",
        "id": "3;4",
        "name": {
          "en": "Harboren2",
          "fi": "Harborfi2",
          "sv": "Harborsv2",
        },
        "quays": 0,
      },
      "type": "Feature",
    },
  ],
  "type": "FeatureCollection",
}
`;

exports[`should get mareographs from api 1`] = `
{
  "features": [
    {
      "geometry": {
        "coordinates": [
          20.38482,
          60.03188,
        ],
        "type": "Point",
      },
      "id": 134252,
      "properties": {
        "calculated": false,
        "dateTime": 1689342180000,
        "featureType": "mareograph",
        "n2000WaterLevel": 166,
        "name": "Föglö Degerby",
        "waterLevel": 54,
      },
      "type": "Feature",
    },
    {
      "geometry": {
        "coordinates": [
          27.1792,
          60.56277,
        ],
        "type": "Point",
      },
      "id": 134254,
      "properties": {
        "calculated": false,
        "dateTime": 1689342180000,
        "featureType": "mareograph",
        "n2000WaterLevel": 361,
        "name": "Hamina Pitäjänsaari",
        "waterLevel": 147,
      },
      "type": "Feature",
    },
    {
      "geometry": {
        "coordinates": [
          26.945,
          60.47278,
        ],
        "type": "Point",
      },
      "id": "-16777622",
      "properties": {
        "calculated": true,
        "dateTime": 1689341400000,
        "featureType": "mareograph",
        "n2000WaterLevel": 350,
        "name": "Kotka kantasatama",
        "waterLevel": 140,
      },
      "type": "Feature",
    },
  ],
  "type": "FeatureCollection",
}
`;

exports[`should get navigation lines from api 1`] = `
{
  "features": [
    {
      "geometry": {
        "coordinates": [
          [
            23.771884401,
            61.2984219918,
          ],
          [
            23.7719649967,
            61.2983296353,
          ],
          [
            23.7720591894,
            61.2982403049,
          ],
          [
            23.7721664917,
            61.298154463,
          ],
        ],
        "type": "LineString",
      },
      "id": 69883,
      "properties": {
        "depth": 2.2,
        "direction": 175,
        "draft": 1.8,
        "fairways": [
          {
            "fairwayId": 4710,
            "line": 1,
            "name": {
              "fi": "Tampere - Hämeenlinna väylä",
              "sv": null,
            },
            "status": 1,
          },
        ],
        "featureType": "line",
        "id": 69883,
        "length": 33,
        "oppositeDirection": 355,
        "referenceLevel": "NN+78.80",
      },
      "type": "Feature",
    },
  ],
  "type": "FeatureCollection",
}
`;

exports[`should get vts lines from api 1`] = `
{
  "features": [
    {
      "geometry": {
        "coordinates": [
          2790417,
          9625463.0051,
        ],
        "type": "Point",
      },
      "properties": {
        "featureType": "vtspoint",
      },
      "type": "Feature",
    },
  ],
  "type": "FeatureCollection",
}
`;

exports[`should get warnings always from api 1`] = `
{
  "features": [
    {
      "geometry": {
        "coordinates": [
          2790416.9999999967,
          9625463.005102864,
        ],
        "type": "Point",
      },
      "id": 24822,
      "properties": {
        "area": {
          "en": "BAY OF BOTHNIA",
          "fi": "PERÄMERI",
          "sv": "BOTTENVIKEN",
        },
        "areaId": null,
        "areaText": null,
        "dateTime": 1689163200000,
        "description": {
          "en": "
EDGE MARK KRIISINKIVI NR 11133
IN POS 65-12.69N 025-04.00E
OUT OF ORDER DUE TO MAITENANCE WORK",
          "fi": "
REUNAMERKKI KRIISINKIVI NR 11133
PAIKASSA  65-12.69N 025-04.00E
EI TOIMINNASSA KORJAUSTÖIDEN VUOKSI",
          "sv": "
RANDMÄRKE KRIISINKIVI NR 11133
I POS 65-12.69N 025-04.00E
UR FUNKTION PÅ GRUND AV UNDERHÅLLSARBETE",
        },
        "endDateTime": 1689206400000,
        "equipmentId": 11133,
        "equipmentText": "TLNUMERO:11133
ALALAJI:Kiinteä
LAJI:Oikea
TYYPPI:Reunamerkki
NIMIS:Kriisinkivi
VAYLAN_NIMI:Oulu - Kemi väylä
TLNUMERO:11133
ALALAJI:Kiinteä
LAJI:Oikea
TYYPPI:Reunamerkki
NIMIS:Kriisinkivi
VAYLAN_NIMI:Oulu - Kemi väylä
",
        "featureType": "marinewarning",
        "lineId": null,
        "lineText": null,
        "location": {
          "en": "OULU - KEMI FAIRWAY",
          "fi": "OULU - KEMI VÄYLÄ",
          "sv": "ULEÅBORG - KEMI FARLED",
        },
        "notifier": "FINTRAFFIC/BVTS/OFK/KD",
        "number": 136,
        "startDateTime": 1689163200000,
        "type": {
          "en": "LOCAL WARNING",
          "fi": "LOCAL WARNING",
          "sv": "LOCAL WARNING",
        },
      },
      "type": "Feature",
    },
    {
      "geometry": {
        "coordinates": [
          [
            2665506.999999996,
            9658753.005071487,
          ],
          [
            2678017.0000000014,
            9671869.005059116,
          ],
          [
            2696213.000000003,
            9685819.005045967,
          ],
          [
            2720701.0000000047,
            9716222.005017307,
          ],
          [
            2728618.999999995,
            9745420.00498979,
          ],
        ],
        "type": "LineString",
      },
      "id": 24803,
      "properties": {
        "area": {
          "en": "BAY OF BOTHNIA",
          "fi": "PERÄMERI",
          "sv": "BOTTENVIKEN",
        },
        "areaId": null,
        "areaText": null,
        "dateTime": 1688819400000,
        "description": {
          "en": "
ALTERATION OF FLOATING NAVIGATIONAL AIDS ON KEMI AJOS FAIRWAY WILL BE CONDUCTED BETWEEN 10.7-30.7.2023

DATE AND TIME
080930 UTC OF JUL",
          "fi": "
KEMIN AJOKSEN VÄYLÄLLÄ SUORITETAAN KELLUVIEN TURVALAITTEIDEN MUUTOSTÖITÄ 10.7-30.7.2023

DATE AND TIME
080930 UTC OF JUL",
          "sv": "
FÖRÄNDRINGSARBETE AV FLYTANDE NAVIGATIONS ANORDNINGAR UTFÖRS PÅ KEMI AJOS FARLED 10.7-30.7.2023

DATE AND TIME
080930 UTC OF JUL",
        },
        "endDateTime": null,
        "equipmentId": null,
        "equipmentText": null,
        "featureType": "marinewarning",
        "lineId": null,
        "lineText": null,
        "location": {
          "en": "KEMI AJOS FAIRWAY",
          "fi": "KEMI AJOS VÄYLÄ",
          "sv": "KEMI AJOS FARLED",
        },
        "notifier": "LEHTOLA/FINTRAFFIC/OFK/MMH",
        "number": 135,
        "startDateTime": 1688947200000,
        "type": {
          "en": "LOCAL WARNING",
          "fi": "LOCAL WARNING",
          "sv": "LOCAL WARNING",
        },
      },
      "type": "Feature",
    },
  ],
  "type": "FeatureCollection",
}
`;

exports[`should get weather and wave forecast from api 1`] = `
{
  "features": [
    {
      "geometry": {
        "coordinates": [
          24.97,
          60.08,
        ],
        "type": "Point",
      },
      "id": "60.08,24.97",
      "properties": {
        "featureType": "forecast",
        "forecastItems": [
          {
            "dateTime": 1730203200000,
            "visibility": 40,
            "waveDirection": 229.7,
            "waveHeight": 0.5,
            "windDirection": 293,
            "windGust": 8,
            "windSpeed": 5.2,
          },
          {
            "dateTime": 1730206800000,
            "visibility": 40,
            "waveDirection": 229.7,
            "waveHeight": 0.5,
            "windDirection": 293,
            "windGust": 8,
            "windSpeed": 5.2,
          },
        ],
        "name": null,
        "pilotPlaceId": null,
      },
      "type": "Feature",
    },
    {
      "geometry": {
        "coordinates": [
          23.99567,
          59.99467,
        ],
        "type": "Point",
      },
      "id": "59.994667,23.995667",
      "properties": {
        "featureType": "forecast",
        "forecastItems": [
          {
            "dateTime": 1730203200000,
            "visibility": 40,
            "waveDirection": 247.4,
            "waveHeight": 0.8,
            "windDirection": 294,
            "windGust": 10.3,
            "windSpeed": 7.4,
          },
        ],
        "name": {
          "en": "Jakob Ramsjö säähavaintoasema",
          "fi": "Jakob Ramsjö säähavaintoasema",
          "sv": "Jakob Ramsjö säähavaintoasema",
        },
        "pilotPlaceId": null,
      },
      "type": "Feature",
    },
    {
      "geometry": {
        "coordinates": [
          24.928,
          60.044,
        ],
        "type": "Point",
      },
      "id": "60.044,24.928",
      "properties": {
        "featureType": "forecast",
        "forecastItems": [
          {
            "dateTime": 1730203200000,
            "visibility": 40,
            "waveDirection": 233.7,
            "waveHeight": 0.6,
            "windDirection": 292,
            "windGust": 7.8,
            "windSpeed": 5.1,
          },
        ],
        "name": null,
        "pilotPlaceId": null,
      },
      "type": "Feature",
    },
    {
      "geometry": {
        "coordinates": [
          21.11,
          60.08,
        ],
        "type": "Point",
      },
      "id": "60.08,21.11",
      "properties": {
        "featureType": "forecast",
        "forecastItems": [
          {
            "dateTime": 1730203200000,
            "visibility": 40,
            "waveDirection": 275.7,
            "waveHeight": 0.3,
            "windDirection": 262,
            "windGust": 8.2,
            "windSpeed": 5.9,
          },
        ],
        "name": null,
        "pilotPlaceId": null,
      },
      "type": "Feature",
    },
  ],
  "type": "FeatureCollection",
}
`;
