// Jest Snapshot v1, https://goo.gl/fbAQLP

exports[`should get pilotroutes from api when cache expired 1`] = `
{
  "features": [
    {
      "geometry": {
        "coordinates": [
          [
            26.91951,
            60.41764,
          ],
          [
            26.92814,
            60.4205,
          ],
          [
            26.92846,
            60.4206,
          ],
          [
            26.92879,
            60.4207,
          ],
          [
            26.92912,
            60.4208,
          ],
          [
            26.92946,
            60.42089,
          ],
          [
            26.9298,
            60.42098,
          ],
          [
            26.93015,
            60.42107,
          ],
          [
            26.9305,
            60.42115,
          ],
          [
            26.93085,
            60.42123,
          ],
          [
            26.93121,
            60.4213,
          ],
          [
            26.93157,
            60.42137,
          ],
          [
            26.93194,
            60.42144,
          ],
          [
            26.9323,
            60.4215,
          ],
          [
            26.93267,
            60.42156,
          ],
          [
            26.93305,
            60.42161,
          ],
          [
            26.93342,
            60.42166,
          ],
          [
            26.9338,
            60.42171,
          ],
          [
            26.93418,
            60.42175,
          ],
          [
            26.93456,
            60.42178,
          ],
          [
            26.93494,
            60.42181,
          ],
          [
            26.93532,
            60.42184,
          ],
          [
            26.93571,
            60.42186,
          ],
          [
            26.93609,
            60.42188,
          ],
          [
            26.93648,
            60.4219,
          ],
          [
            26.93687,
            60.42191,
          ],
          [
            26.93726,
            60.42191,
          ],
          [
            26.93764,
            60.42191,
          ],
          [
            26.93803,
            60.42191,
          ],
          [
            26.93842,
            60.4219,
          ],
          [
            26.9388,
            60.42189,
          ],
          [
            26.93919,
            60.42187,
          ],
          [
            26.93958,
            60.42185,
          ],
          [
            26.93996,
            60.42183,
          ],
          [
            26.94034,
            60.4218,
          ],
          [
            26.94073,
            60.42176,
          ],
          [
            26.94111,
            60.42172,
          ],
          [
            26.94148,
            60.42168,
          ],
          [
            26.94186,
            60.42164,
          ],
          [
            26.94223,
            60.42158,
          ],
          [
            26.9426,
            60.42153,
          ],
          [
            26.94297,
            60.42147,
          ],
          [
            26.94334,
            60.42141,
          ],
          [
            26.9437,
            60.42134,
          ],
          [
            26.94406,
            60.42127,
          ],
          [
            26.94442,
            60.42119,
          ],
          [
            26.94477,
            60.42111,
          ],
          [
            26.94512,
            60.42103,
          ],
          [
            26.94546,
            60.42094,
          ],
          [
            26.9458,
            60.42085,
          ],
          [
            26.94614,
            60.42075,
          ],
          [
            26.94647,
            60.42065,
          ],
          [
            26.94679,
            60.42055,
          ],
          [
            26.94712,
            60.42044,
          ],
          [
            26.94743,
            60.42033,
          ],
          [
            26.94774,
            60.42022,
          ],
          [
            26.94805,
            60.4201,
          ],
          [
            26.94835,
            60.41998,
          ],
          [
            26.94865,
            60.41985,
          ],
          [
            26.94893,
            60.41973,
          ],
          [
            26.94922,
            60.4196,
          ],
          [
            26.94949,
            60.41946,
          ],
          [
            26.94976,
            60.41932,
          ],
          [
            26.95003,
            60.41918,
          ],
          [
            26.95028,
            60.41904,
          ],
          [
            26.95054,
            60.4189,
          ],
          [
            26.97294,
            60.40555,
          ],
          [
            26.97302,
            60.4055,
          ],
          [
            26.9731,
            60.40546,
          ],
          [
            26.97317,
            60.40541,
          ],
          [
            26.97324,
            60.40536,
          ],
          [
            26.97332,
            60.40532,
          ],
          [
            26.97339,
            60.40527,
          ],
          [
            26.97346,
            60.40522,
          ],
          [
            26.97353,
            60.40518,
          ],
          [
            26.9736,
            60.40513,
          ],
          [
            26.97367,
            60.40508,
          ],
          [
            26.97374,
            60.40503,
          ],
          [
            26.97381,
            60.40498,
          ],
          [
            26.97388,
            60.40494,
          ],
          [
            26.97394,
            60.40489,
          ],
          [
            26.97401,
            60.40484,
          ],
          [
            26.97408,
            60.40479,
          ],
          [
            26.97414,
            60.40474,
          ],
          [
            26.97421,
            60.40469,
          ],
          [
            26.97427,
            60.40464,
          ],
          [
            26.97433,
            60.40459,
          ],
          [
            26.97439,
            60.40454,
          ],
          [
            26.97446,
            60.40449,
          ],
          [
            26.97452,
            60.40444,
          ],
          [
            26.97458,
            60.40439,
          ],
          [
            26.97463,
            60.40433,
          ],
          [
            26.97469,
            60.40428,
          ],
          [
            26.97475,
            60.40423,
          ],
          [
            26.97481,
            60.40418,
          ],
          [
            26.97486,
            60.40413,
          ],
          [
            26.97492,
            60.40407,
          ],
          [
            26.97497,
            60.40402,
          ],
          [
            26.97503,
            60.40397,
          ],
          [
            26.97508,
            60.40392,
          ],
          [
            26.97513,
            60.40386,
          ],
          [
            26.97518,
            60.40381,
          ],
          [
            26.97524,
            60.40376,
          ],
          [
            26.97529,
            60.4037,
          ],
          [
            26.97533,
            60.40365,
          ],
          [
            26.97538,
            60.4036,
          ],
          [
            26.97543,
            60.40354,
          ],
          [
            26.97548,
            60.40349,
          ],
          [
            26.97552,
            60.40343,
          ],
          [
            26.97557,
            60.40338,
          ],
          [
            26.97561,
            60.40332,
          ],
          [
            26.97566,
            60.40327,
          ],
          [
            26.9757,
            60.40321,
          ],
          [
            26.97574,
            60.40316,
          ],
          [
            26.97578,
            60.4031,
          ],
          [
            26.97583,
            60.40305,
          ],
          [
            26.97587,
            60.40299,
          ],
          [
            26.9759,
            60.40294,
          ],
          [
            26.97594,
            60.40288,
          ],
          [
            26.97598,
            60.40282,
          ],
          [
            26.97602,
            60.40277,
          ],
          [
            26.97605,
            60.40271,
          ],
          [
            26.97609,
            60.40265,
          ],
          [
            26.97612,
            60.4026,
          ],
          [
            26.97616,
            60.40254,
          ],
          [
            26.97619,
            60.40248,
          ],
          [
            26.97622,
            60.40243,
          ],
          [
            26.97625,
            60.40237,
          ],
          [
            26.97628,
            60.40231,
          ],
          [
            26.97631,
            60.40226,
          ],
          [
            26.97634,
            60.4022,
          ],
          [
            26.98142,
            60.39184,
          ],
          [
            26.98143,
            60.39181,
          ],
          [
            26.98145,
            60.39179,
          ],
          [
            26.98146,
            60.39176,
          ],
          [
            26.98148,
            60.39173,
          ],
          [
            26.98149,
            60.3917,
          ],
          [
            26.98151,
            60.39167,
          ],
          [
            26.98152,
            60.39165,
          ],
          [
            26.98154,
            60.39162,
          ],
          [
            26.98155,
            60.39159,
          ],
          [
            26.98157,
            60.39156,
          ],
          [
            26.98158,
            60.39153,
          ],
          [
            26.9816,
            60.39151,
          ],
          [
            26.98162,
            60.39148,
          ],
          [
            26.98163,
            60.39145,
          ],
          [
            26.98165,
            60.39142,
          ],
          [
            26.98167,
            60.39139,
          ],
          [
            26.98168,
            60.39137,
          ],
          [
            26.9817,
            60.39134,
          ],
          [
            26.98172,
            60.39131,
          ],
          [
            26.98174,
            60.39128,
          ],
          [
            26.98175,
            60.39126,
          ],
          [
            26.98177,
            60.39123,
          ],
          [
            26.98179,
            60.3912,
          ],
          [
            26.98181,
            60.39117,
          ],
          [
            26.98183,
            60.39115,
          ],
          [
            26.98185,
            60.39112,
          ],
          [
            26.98186,
            60.39109,
          ],
          [
            26.98188,
            60.39107,
          ],
          [
            26.9819,
            60.39104,
          ],
          [
            26.98192,
            60.39101,
          ],
          [
            26.98194,
            60.39098,
          ],
          [
            26.98196,
            60.39096,
          ],
          [
            26.98198,
            60.39093,
          ],
          [
            26.982,
            60.3909,
          ],
          [
            26.98202,
            60.39087,
          ],
          [
            26.98204,
            60.39085,
          ],
          [
            26.98206,
            60.39082,
          ],
          [
            26.98209,
            60.39079,
          ],
          [
            26.98211,
            60.39077,
          ],
          [
            26.98213,
            60.39074,
          ],
          [
            26.98215,
            60.39071,
          ],
          [
            26.98217,
            60.39069,
          ],
          [
            26.98219,
            60.39066,
          ],
          [
            26.98222,
            60.39063,
          ],
          [
            26.98224,
            60.39061,
          ],
          [
            26.98226,
            60.39058,
          ],
          [
            26.98228,
            60.39055,
          ],
          [
            26.98231,
            60.39053,
          ],
          [
            26.98233,
            60.3905,
          ],
          [
            26.98235,
            60.39047,
          ],
          [
            26.98238,
            60.39045,
          ],
          [
            26.9824,
            60.39042,
          ],
          [
            26.98242,
            60.39039,
          ],
          [
            26.98245,
            60.39037,
          ],
          [
            26.98247,
            60.39034,
          ],
          [
            26.9825,
            60.39031,
          ],
          [
            26.98252,
            60.39029,
          ],
          [
            26.98255,
            60.39026,
          ],
          [
            26.98257,
            60.39024,
          ],
          [
            26.9826,
            60.39021,
          ],
          [
            26.98262,
            60.39018,
          ],
          [
            26.98265,
            60.39016,
          ],
          [
            26.98267,
            60.39013,
          ],
          [
            26.9827,
            60.39011,
          ],
          [
            27.00863,
            60.36412,
          ],
          [
            27.0087,
            60.36405,
          ],
          [
            27.00876,
            60.36398,
          ],
          [
            27.00883,
            60.36392,
          ],
          [
            27.0089,
            60.36386,
          ],
          [
            27.00897,
            60.36379,
          ],
          [
            27.00905,
            60.36373,
          ],
          [
            27.00912,
            60.36366,
          ],
          [
            27.00919,
            60.3636,
          ],
          [
            27.00927,
            60.36354,
          ],
          [
            27.00935,
            60.36347,
          ],
          [
            27.00943,
            60.36341,
          ],
          [
            27.0095,
            60.36335,
          ],
          [
            27.00958,
            60.36329,
          ],
          [
            27.00967,
            60.36323,
          ],
          [
            27.00975,
            60.36317,
          ],
          [
            27.00983,
            60.3631,
          ],
          [
            27.00992,
            60.36304,
          ],
          [
            27.01,
            60.36298,
          ],
          [
            27.01009,
            60.36292,
          ],
          [
            27.01018,
            60.36287,
          ],
          [
            27.01026,
            60.36281,
          ],
          [
            27.01035,
            60.36275,
          ],
          [
            27.01044,
            60.36269,
          ],
          [
            27.01054,
            60.36263,
          ],
          [
            27.01063,
            60.36258,
          ],
          [
            27.01072,
            60.36252,
          ],
          [
            27.01082,
            60.36246,
          ],
          [
            27.01091,
            60.36241,
          ],
          [
            27.01101,
            60.36235,
          ],
          [
            27.01111,
            60.3623,
          ],
          [
            27.01121,
            60.36224,
          ],
          [
            27.01131,
            60.36219,
          ],
          [
            27.01141,
            60.36213,
          ],
          [
            27.01151,
            60.36208,
          ],
          [
            27.01161,
            60.36203,
          ],
          [
            27.01172,
            60.36197,
          ],
          [
            27.01182,
            60.36192,
          ],
          [
            27.01193,
            60.36187,
          ],
          [
            27.01203,
            60.36182,
          ],
          [
            27.01214,
            60.36177,
          ],
          [
            27.01225,
            60.36172,
          ],
          [
            27.01236,
            60.36167,
          ],
          [
            27.01247,
            60.36162,
          ],
          [
            27.01258,
            60.36157,
          ],
          [
            27.01269,
            60.36152,
          ],
          [
            27.0128,
            60.36147,
          ],
          [
            27.01291,
            60.36143,
          ],
          [
            27.01303,
            60.36138,
          ],
          [
            27.01314,
            60.36133,
          ],
          [
            27.01326,
            60.36129,
          ],
          [
            27.01338,
            60.36124,
          ],
          [
            27.01349,
            60.3612,
          ],
          [
            27.01361,
            60.36115,
          ],
          [
            27.01373,
            60.36111,
          ],
          [
            27.01385,
            60.36107,
          ],
          [
            27.01397,
            60.36102,
          ],
          [
            27.01409,
            60.36098,
          ],
          [
            27.01422,
            60.36094,
          ],
          [
            27.01434,
            60.3609,
          ],
          [
            27.01446,
            60.36086,
          ],
          [
            27.01459,
            60.36082,
          ],
          [
            27.01471,
            60.36078,
          ],
          [
            27.01484,
            60.36074,
          ],
          [
            27.01496,
            60.3607,
          ],
          [
            27.06206,
            60.34646,
          ],
          [
            27.06214,
            60.34644,
          ],
          [
            27.06222,
            60.34641,
          ],
          [
            27.0623,
            60.34639,
          ],
          [
            27.06237,
            60.34637,
          ],
          [
            27.06245,
            60.34635,
          ],
          [
            27.06253,
            60.34632,
          ],
          [
            27.06261,
            60.3463,
          ],
          [
            27.06269,
            60.34628,
          ],
          [
            27.06277,
            60.34626,
          ],
          [
            27.06285,
            60.34624,
          ],
          [
            27.06294,
            60.34621,
          ],
          [
            27.06302,
            60.34619,
          ],
          [
            27.0631,
            60.34617,
          ],
          [
            27.06318,
            60.34615,
          ],
          [
            27.06326,
            60.34613,
          ],
          [
            27.06334,
            60.34611,
          ],
          [
            27.06343,
            60.34609,
          ],
          [
            27.06351,
            60.34607,
          ],
          [
            27.06359,
            60.34605,
          ],
          [
            27.06367,
            60.34603,
          ],
          [
            27.06376,
            60.34601,
          ],
          [
            27.06384,
            60.34599,
          ],
          [
            27.06392,
            60.34598,
          ],
          [
            27.06401,
            60.34596,
          ],
          [
            27.06409,
            60.34594,
          ],
          [
            27.06418,
            60.34592,
          ],
          [
            27.06426,
            60.3459,
          ],
          [
            27.06434,
            60.34589,
          ],
          [
            27.06443,
            60.34587,
          ],
          [
            27.06451,
            60.34585,
          ],
          [
            27.0646,
            60.34583,
          ],
          [
            27.06468,
            60.34582,
          ],
          [
            27.06477,
            60.3458,
          ],
          [
            27.06486,
            60.34579,
          ],
          [
            27.06494,
            60.34577,
          ],
          [
            27.06503,
            60.34575,
          ],
          [
            27.06511,
            60.34574,
          ],
          [
            27.0652,
            60.34572,
          ],
          [
            27.06529,
            60.34571,
          ],
          [
            27.06537,
            60.34569,
          ],
          [
            27.06546,
            60.34568,
          ],
          [
            27.06555,
            60.34566,
          ],
          [
            27.06563,
            60.34565,
          ],
          [
            27.06572,
            60.34564,
          ],
          [
            27.06581,
            60.34562,
          ],
          [
            27.0659,
            60.34561,
          ],
          [
            27.06598,
            60.3456,
          ],
          [
            27.06607,
            60.34558,
          ],
          [
            27.06616,
            60.34557,
          ],
          [
            27.06625,
            60.34556,
          ],
          [
            27.06634,
            60.34555,
          ],
          [
            27.06642,
            60.34553,
          ],
          [
            27.06651,
            60.34552,
          ],
          [
            27.0666,
            60.34551,
          ],
          [
            27.06669,
            60.3455,
          ],
          [
            27.06678,
            60.34549,
          ],
          [
            27.06687,
            60.34548,
          ],
          [
            27.06696,
            60.34547,
          ],
          [
            27.06705,
            60.34546,
          ],
          [
            27.06714,
            60.34545,
          ],
          [
            27.06723,
            60.34544,
          ],
          [
            27.06731,
            60.34543,
          ],
          [
            27.0674,
            60.34542,
          ],
          [
            27.06749,
            60.34541,
          ],
          [
            27.10043,
            60.34213,
          ],
          [
            27.10049,
            60.34212,
          ],
          [
            27.10056,
            60.34211,
          ],
          [
            27.10062,
            60.34211,
          ],
          [
            27.10068,
            60.3421,
          ],
          [
            27.10075,
            60.3421,
          ],
          [
            27.10081,
            60.34209,
          ],
          [
            27.10087,
            60.34209,
          ],
          [
            27.10094,
            60.34208,
          ],
          [
            27.101,
            60.34207,
          ],
          [
            27.10106,
            60.34207,
          ],
          [
            27.10113,
            60.34206,
          ],
          [
            27.10119,
            60.34206,
          ],
          [
            27.10125,
            60.34206,
          ],
          [
            27.10132,
            60.34205,
          ],
          [
            27.10138,
            60.34205,
          ],
          [
            27.10144,
            60.34204,
          ],
          [
            27.10151,
            60.34204,
          ],
          [
            27.10157,
            60.34203,
          ],
          [
            27.10163,
            60.34203,
          ],
          [
            27.1017,
            60.34203,
          ],
          [
            27.10176,
            60.34202,
          ],
          [
            27.10183,
            60.34202,
          ],
          [
            27.10189,
            60.34201,
          ],
          [
            27.10195,
            60.34201,
          ],
          [
            27.10202,
            60.34201,
          ],
          [
            27.10208,
            60.342,
          ],
          [
            27.10215,
            60.342,
          ],
          [
            27.10221,
            60.342,
          ],
          [
            27.10227,
            60.342,
          ],
          [
            27.10234,
            60.34199,
          ],
          [
            27.1024,
            60.34199,
          ],
          [
            27.10247,
            60.34199,
          ],
          [
            27.10253,
            60.34198,
          ],
          [
            27.10259,
            60.34198,
          ],
          [
            27.10266,
            60.34198,
          ],
          [
            27.10272,
            60.34198,
          ],
          [
            27.10279,
            60.34198,
          ],
          [
            27.10285,
            60.34197,
          ],
          [
            27.10291,
            60.34197,
          ],
          [
            27.10298,
            60.34197,
          ],
          [
            27.10304,
            60.34197,
          ],
          [
            27.10311,
            60.34197,
          ],
          [
            27.10317,
            60.34197,
          ],
          [
            27.10324,
            60.34197,
          ],
          [
            27.1033,
            60.34197,
          ],
          [
            27.10336,
            60.34197,
          ],
          [
            27.10343,
            60.34196,
          ],
          [
            27.10349,
            60.34196,
          ],
          [
            27.10356,
            60.34196,
          ],
          [
            27.10362,
            60.34196,
          ],
          [
            27.10369,
            60.34196,
          ],
          [
            27.10375,
            60.34196,
          ],
          [
            27.10381,
            60.34196,
          ],
          [
            27.10388,
            60.34196,
          ],
          [
            27.10394,
            60.34196,
          ],
          [
            27.10401,
            60.34196,
          ],
          [
            27.10407,
            60.34196,
          ],
          [
            27.10414,
            60.34197,
          ],
          [
            27.1042,
            60.34197,
          ],
          [
            27.10426,
            60.34197,
          ],
          [
            27.10433,
            60.34197,
          ],
          [
            27.10439,
            60.34197,
          ],
          [
            27.10446,
            60.34197,
          ],
          [
            27.10452,
            60.34197,
          ],
          [
            27.13111,
            60.34258,
          ],
          [
            27.1315,
            60.34259,
          ],
          [
            27.13189,
            60.3426,
          ],
          [
            27.13228,
            60.34262,
          ],
          [
            27.13266,
            60.34265,
          ],
          [
            27.13305,
            60.34268,
          ],
          [
            27.13343,
            60.34271,
          ],
          [
            27.13381,
            60.34275,
          ],
          [
            27.13419,
            60.34279,
          ],
          [
            27.13457,
            60.34283,
          ],
          [
            27.13494,
            60.34288,
          ],
          [
            27.13531,
            60.34294,
          ],
          [
            27.13568,
            60.343,
          ],
          [
            27.13605,
            60.34306,
          ],
          [
            27.13641,
            60.34313,
          ],
          [
            27.13677,
            60.3432,
          ],
          [
            27.13713,
            60.34328,
          ],
          [
            27.13748,
            60.34335,
          ],
          [
            27.13783,
            60.34344,
          ],
          [
            27.13818,
            60.34353,
          ],
          [
            27.13852,
            60.34362,
          ],
          [
            27.13886,
            60.34371,
          ],
          [
            27.13919,
            60.34381,
          ],
          [
            27.13952,
            60.34392,
          ],
          [
            27.13984,
            60.34402,
          ],
          [
            27.14016,
            60.34413,
          ],
          [
            27.14047,
            60.34425,
          ],
          [
            27.14078,
            60.34436,
          ],
          [
            27.14108,
            60.34448,
          ],
          [
            27.14138,
            60.34461,
          ],
          [
            27.14167,
            60.34474,
          ],
          [
            27.14195,
            60.34487,
          ],
          [
            27.14223,
            60.345,
          ],
          [
            27.1425,
            60.34514,
          ],
          [
            27.14277,
            60.34528,
          ],
          [
            27.14303,
            60.34542,
          ],
          [
            27.14328,
            60.34557,
          ],
          [
            27.14353,
            60.34572,
          ],
          [
            27.14376,
            60.34587,
          ],
          [
            27.14399,
            60.34603,
          ],
          [
            27.14422,
            60.34618,
          ],
          [
            27.14443,
            60.34634,
          ],
          [
            27.14464,
            60.3465,
          ],
          [
            27.14484,
            60.34667,
          ],
          [
            27.14504,
            60.34684,
          ],
          [
            27.14522,
            60.34701,
          ],
          [
            27.1454,
            60.34718,
          ],
          [
            27.14557,
            60.34735,
          ],
          [
            27.14573,
            60.34752,
          ],
          [
            27.14588,
            60.3477,
          ],
          [
            27.14603,
            60.34788,
          ],
          [
            27.14617,
            60.34806,
          ],
          [
            27.14629,
            60.34824,
          ],
          [
            27.14641,
            60.34842,
          ],
          [
            27.14652,
            60.34861,
          ],
          [
            27.14663,
            60.34879,
          ],
          [
            27.14672,
            60.34898,
          ],
          [
            27.14681,
            60.34917,
          ],
          [
            27.14688,
            60.34936,
          ],
          [
            27.14695,
            60.34954,
          ],
          [
            27.14701,
            60.34973,
          ],
          [
            27.14706,
            60.34993,
          ],
          [
            27.1471,
            60.35012,
          ],
          [
            27.14713,
            60.35031,
          ],
          [
            27.14715,
            60.3505,
          ],
          [
            27.15204,
            60.41069,
          ],
          [
            27.15205,
            60.41074,
          ],
          [
            27.15205,
            60.41079,
          ],
          [
            27.15205,
            60.41083,
          ],
          [
            27.15206,
            60.41088,
          ],
          [
            27.15206,
            60.41093,
          ],
          [
            27.15206,
            60.41098,
          ],
          [
            27.15206,
            60.41103,
          ],
          [
            27.15206,
            60.41108,
          ],
          [
            27.15206,
            60.41113,
          ],
          [
            27.15206,
            60.41117,
          ],
          [
            27.15206,
            60.41122,
          ],
          [
            27.15206,
            60.41127,
          ],
          [
            27.15206,
            60.41132,
          ],
          [
            27.15205,
            60.41137,
          ],
          [
            27.15205,
            60.41142,
          ],
          [
            27.15205,
            60.41147,
          ],
          [
            27.15204,
            60.41151,
          ],
          [
            27.15204,
            60.41156,
          ],
          [
            27.15203,
            60.41161,
          ],
          [
            27.15202,
            60.41166,
          ],
          [
            27.15202,
            60.41171,
          ],
          [
            27.15201,
            60.41176,
          ],
          [
            27.152,
            60.41181,
          ],
          [
            27.15199,
            60.41185,
          ],
          [
            27.15198,
            60.4119,
          ],
          [
            27.15197,
            60.41195,
          ],
          [
            27.15196,
            60.412,
          ],
          [
            27.15195,
            60.41205,
          ],
          [
            27.15194,
            60.4121,
          ],
          [
            27.15193,
            60.41214,
          ],
          [
            27.15192,
            60.41219,
          ],
          [
            27.1519,
            60.41224,
          ],
          [
            27.15189,
            60.41229,
          ],
          [
            27.15187,
            60.41234,
          ],
          [
            27.15186,
            60.41238,
          ],
          [
            27.15184,
            60.41243,
          ],
          [
            27.15183,
            60.41248,
          ],
          [
            27.15181,
            60.41253,
          ],
          [
            27.15179,
            60.41258,
          ],
          [
            27.15178,
            60.41262,
          ],
          [
            27.15176,
            60.41267,
          ],
          [
            27.15174,
            60.41272,
          ],
          [
            27.15172,
            60.41277,
          ],
          [
            27.1517,
            60.41282,
          ],
          [
            27.15168,
            60.41286,
          ],
          [
            27.15166,
            60.41291,
          ],
          [
            27.15164,
            60.41296,
          ],
          [
            27.15161,
            60.41301,
          ],
          [
            27.15159,
            60.41305,
          ],
          [
            27.15157,
            60.4131,
          ],
          [
            27.15154,
            60.41315,
          ],
          [
            27.15152,
            60.41319,
          ],
          [
            27.15149,
            60.41324,
          ],
          [
            27.15147,
            60.41329,
          ],
          [
            27.15144,
            60.41334,
          ],
          [
            27.15142,
            60.41338,
          ],
          [
            27.15139,
            60.41343,
          ],
          [
            27.15136,
            60.41348,
          ],
          [
            27.15133,
            60.41352,
          ],
          [
            27.1513,
            60.41357,
          ],
          [
            27.15127,
            60.41361,
          ],
          [
            27.15124,
            60.41366,
          ],
          [
            27.15121,
            60.41371,
          ],
          [
            27.15118,
            60.41375,
          ],
          [
            27.13807,
            60.43288,
          ],
          [
            27.13803,
            60.43294,
          ],
          [
            27.13798,
            60.43301,
          ],
          [
            27.13794,
            60.43308,
          ],
          [
            27.1379,
            60.43315,
          ],
          [
            27.13786,
            60.43321,
          ],
          [
            27.13782,
            60.43328,
          ],
          [
            27.13778,
            60.43335,
          ],
          [
            27.13774,
            60.43342,
          ],
          [
            27.13771,
            60.43348,
          ],
          [
            27.13767,
            60.43355,
          ],
          [
            27.13764,
            60.43362,
          ],
          [
            27.1376,
            60.43369,
          ],
          [
            27.13757,
            60.43376,
          ],
          [
            27.13754,
            60.43383,
          ],
          [
            27.13751,
            60.4339,
          ],
          [
            27.13749,
            60.43396,
          ],
          [
            27.13746,
            60.43403,
          ],
          [
            27.13743,
            60.4341,
          ],
          [
            27.13741,
            60.43417,
          ],
          [
            27.13739,
            60.43424,
          ],
          [
            27.13736,
            60.43431,
          ],
          [
            27.13734,
            60.43438,
          ],
          [
            27.13732,
            60.43445,
          ],
          [
            27.13731,
            60.43452,
          ],
          [
            27.13729,
            60.43459,
          ],
          [
            27.13727,
            60.43466,
          ],
          [
            27.13726,
            60.43473,
          ],
          [
            27.13724,
            60.4348,
          ],
          [
            27.13723,
            60.43487,
          ],
          [
            27.13722,
            60.43494,
          ],
          [
            27.13721,
            60.43501,
          ],
          [
            27.1372,
            60.43508,
          ],
          [
            27.13719,
            60.43515,
          ],
          [
            27.13719,
            60.43522,
          ],
          [
            27.13718,
            60.43529,
          ],
          [
            27.13718,
            60.43536,
          ],
          [
            27.13718,
            60.43543,
          ],
          [
            27.13718,
            60.4355,
          ],
          [
            27.13717,
            60.43557,
          ],
          [
            27.13718,
            60.43564,
          ],
          [
            27.13718,
            60.43571,
          ],
          [
            27.13718,
            60.43578,
          ],
          [
            27.13719,
            60.43585,
          ],
          [
            27.13719,
            60.43592,
          ],
          [
            27.1372,
            60.43599,
          ],
          [
            27.13721,
            60.43606,
          ],
          [
            27.13722,
            60.43613,
          ],
          [
            27.13723,
            60.4362,
          ],
          [
            27.13724,
            60.43627,
          ],
          [
            27.13725,
            60.43634,
          ],
          [
            27.13726,
            60.43641,
          ],
          [
            27.13728,
            60.43648,
          ],
          [
            27.1373,
            60.43655,
          ],
          [
            27.13731,
            60.43662,
          ],
          [
            27.13733,
            60.43669,
          ],
          [
            27.13735,
            60.43676,
          ],
          [
            27.13737,
            60.43683,
          ],
          [
            27.1374,
            60.4369,
          ],
          [
            27.13742,
            60.43697,
          ],
          [
            27.13745,
            60.43704,
          ],
          [
            27.13747,
            60.43711,
          ],
          [
            27.1375,
            60.43718,
          ],
          [
            27.13753,
            60.43725,
          ],
          [
            27.13756,
            60.43732,
          ],
          [
            27.14583,
            60.45605,
          ],
          [
            27.14586,
            60.45612,
          ],
          [
            27.14588,
            60.45619,
          ],
          [
            27.14591,
            60.45626,
          ],
          [
            27.14594,
            60.45633,
          ],
          [
            27.14596,
            60.4564,
          ],
          [
            27.14599,
            60.45647,
          ],
          [
            27.14601,
            60.45654,
          ],
          [
            27.14603,
            60.45661,
          ],
          [
            27.14605,
            60.45668,
          ],
          [
            27.14607,
            60.45675,
          ],
          [
            27.14609,
            60.45682,
          ],
          [
            27.14611,
            60.45689,
          ],
          [
            27.14612,
            60.45696,
          ],
          [
            27.14614,
            60.45703,
          ],
          [
            27.14615,
            60.4571,
          ],
          [
            27.14616,
            60.45717,
          ],
          [
            27.14617,
            60.45724,
          ],
          [
            27.14618,
            60.45732,
          ],
          [
            27.14619,
            60.45739,
          ],
          [
            27.1462,
            60.45746,
          ],
          [
            27.14621,
            60.45753,
          ],
          [
            27.14621,
            60.4576,
          ],
          [
            27.14621,
            60.45767,
          ],
          [
            27.14622,
            60.45774,
          ],
          [
            27.14622,
            60.45781,
          ],
          [
            27.14622,
            60.45788,
          ],
          [
            27.14621,
            60.45796,
          ],
          [
            27.14621,
            60.45803,
          ],
          [
            27.14621,
            60.4581,
          ],
          [
            27.1462,
            60.45817,
          ],
          [
            27.1462,
            60.45824,
          ],
          [
            27.14619,
            60.45831,
          ],
          [
            27.14618,
            60.45838,
          ],
          [
            27.14617,
            60.45845,
          ],
          [
            27.14616,
            60.45852,
          ],
          [
            27.14614,
            60.4586,
          ],
          [
            27.14613,
            60.45867,
          ],
          [
            27.14612,
            60.45874,
          ],
          [
            27.1461,
            60.45881,
          ],
          [
            27.14608,
            60.45888,
          ],
          [
            27.14606,
            60.45895,
          ],
          [
            27.14604,
            60.45902,
          ],
          [
            27.14602,
            60.45909,
          ],
          [
            27.146,
            60.45916,
          ],
          [
            27.14598,
            60.45923,
          ],
          [
            27.14595,
            60.4593,
          ],
          [
            27.14592,
            60.45937,
          ],
          [
            27.1459,
            60.45944,
          ],
          [
            27.14587,
            60.45951,
          ],
          [
            27.14584,
            60.45958,
          ],
          [
            27.14581,
            60.45965,
          ],
          [
            27.14578,
            60.45972,
          ],
          [
            27.14574,
            60.45979,
          ],
          [
            27.14571,
            60.45986,
          ],
          [
            27.14567,
            60.45993,
          ],
          [
            27.14563,
            60.46,
          ],
          [
            27.1456,
            60.46006,
          ],
          [
            27.14556,
            60.46013,
          ],
          [
            27.14552,
            60.4602,
          ],
          [
            27.14547,
            60.46027,
          ],
          [
            27.14543,
            60.46034,
          ],
          [
            27.14539,
            60.46041,
          ],
          [
            27.14534,
            60.46047,
          ],
          [
            27.1453,
            60.46054,
          ],
          [
            27.13296,
            60.47811,
          ],
          [
            27.1329,
            60.47819,
          ],
          [
            27.13285,
            60.47828,
          ],
          [
            27.1328,
            60.47836,
          ],
          [
            27.13274,
            60.47844,
          ],
          [
            27.1327,
            60.47852,
          ],
          [
            27.13265,
            60.4786,
          ],
          [
            27.1326,
            60.47869,
          ],
          [
            27.13256,
            60.47877,
          ],
          [
            27.13252,
            60.47885,
          ],
          [
            27.13247,
            60.47893,
          ],
          [
            27.13244,
            60.47902,
          ],
          [
            27.1324,
            60.4791,
          ],
          [
            27.13236,
            60.47918,
          ],
          [
            27.13233,
            60.47927,
          ],
          [
            27.1323,
            60.47935,
          ],
          [
            27.13227,
            60.47944,
          ],
          [
            27.13224,
            60.47952,
          ],
          [
            27.13221,
            60.47961,
          ],
          [
            27.13219,
            60.47969,
          ],
          [
            27.13216,
            60.47978,
          ],
          [
            27.13214,
            60.47986,
          ],
          [
            27.13212,
            60.47995,
          ],
          [
            27.1321,
            60.48003,
          ],
          [
            27.13209,
            60.48012,
          ],
          [
            27.13207,
            60.4802,
          ],
          [
            27.13206,
            60.48029,
          ],
          [
            27.13205,
            60.48037,
          ],
          [
            27.13204,
            60.48046,
          ],
          [
            27.13203,
            60.48054,
          ],
          [
            27.13203,
            60.48063,
          ],
          [
            27.13203,
            60.48071,
          ],
          [
            27.13202,
            60.4808,
          ],
          [
            27.13202,
            60.48088,
          ],
          [
            27.13203,
            60.48097,
          ],
          [
            27.13203,
            60.48105,
          ],
          [
            27.13203,
            60.48114,
          ],
          [
            27.13204,
            60.48123,
          ],
          [
            27.13205,
            60.48131,
          ],
          [
            27.13206,
            60.4814,
          ],
          [
            27.13207,
            60.48148,
          ],
          [
            27.13209,
            60.48157,
          ],
          [
            27.1321,
            60.48165,
          ],
          [
            27.13212,
            60.48174,
          ],
          [
            27.13214,
            60.48182,
          ],
          [
            27.13216,
            60.48191,
          ],
          [
            27.13218,
            60.48199,
          ],
          [
            27.13221,
            60.48208,
          ],
          [
            27.13224,
            60.48216,
          ],
          [
            27.13226,
            60.48225,
          ],
          [
            27.13229,
            60.48233,
          ],
          [
            27.13233,
            60.48241,
          ],
          [
            27.13236,
            60.4825,
          ],
          [
            27.13239,
            60.48258,
          ],
          [
            27.13243,
            60.48266,
          ],
          [
            27.13247,
            60.48275,
          ],
          [
            27.13251,
            60.48283,
          ],
          [
            27.13255,
            60.48291,
          ],
          [
            27.1326,
            60.483,
          ],
          [
            27.13264,
            60.48308,
          ],
          [
            27.13269,
            60.48316,
          ],
          [
            27.13274,
            60.48324,
          ],
          [
            27.13279,
            60.48333,
          ],
          [
            27.13284,
            60.48341,
          ],
          [
            27.1329,
            60.48349,
          ],
          [
            27.14646,
            60.50336,
          ],
          [
            27.1465,
            60.50341,
          ],
          [
            27.14654,
            60.50347,
          ],
          [
            27.14658,
            60.50353,
          ],
          [
            27.14663,
            60.50359,
          ],
          [
            27.14667,
            60.50365,
          ],
          [
            27.14672,
            60.50371,
          ],
          [
            27.14676,
            60.50377,
          ],
          [
            27.14681,
            60.50382,
          ],
          [
            27.14686,
            60.50388,
          ],
          [
            27.14691,
            60.50394,
          ],
          [
            27.14695,
            60.504,
          ],
          [
            27.147,
            60.50405,
          ],
          [
            27.14706,
            60.50411,
          ],
          [
            27.14711,
            60.50417,
          ],
          [
            27.14716,
            60.50422,
          ],
          [
            27.14721,
            60.50428,
          ],
          [
            27.14727,
            60.50433,
          ],
          [
            27.14732,
            60.50439,
          ],
          [
            27.14738,
            60.50445,
          ],
          [
            27.14744,
            60.5045,
          ],
          [
            27.1475,
            60.50456,
          ],
          [
            27.14755,
            60.50461,
          ],
          [
            27.14761,
            60.50467,
          ],
          [
            27.14767,
            60.50472,
          ],
          [
            27.14774,
            60.50478,
          ],
          [
            27.1478,
            60.50483,
          ],
          [
            27.14786,
            60.50488,
          ],
          [
            27.14792,
            60.50494,
          ],
          [
            27.14799,
            60.50499,
          ],
          [
            27.14805,
            60.50504,
          ],
          [
            27.14812,
            60.5051,
          ],
          [
            27.14819,
            60.50515,
          ],
          [
            27.14825,
            60.5052,
          ],
          [
            27.14832,
            60.50526,
          ],
          [
            27.14839,
            60.50531,
          ],
          [
            27.14846,
            60.50536,
          ],
          [
            27.14853,
            60.50541,
          ],
          [
            27.1486,
            60.50546,
          ],
          [
            27.14868,
            60.50551,
          ],
          [
            27.14875,
            60.50556,
          ],
          [
            27.14882,
            60.50561,
          ],
          [
            27.1489,
            60.50566,
          ],
          [
            27.14897,
            60.50571,
          ],
          [
            27.14905,
            60.50576,
          ],
          [
            27.14913,
            60.50581,
          ],
          [
            27.14921,
            60.50586,
          ],
          [
            27.14928,
            60.50591,
          ],
          [
            27.14936,
            60.50596,
          ],
          [
            27.14944,
            60.50601,
          ],
          [
            27.14952,
            60.50606,
          ],
          [
            27.1496,
            60.5061,
          ],
          [
            27.14969,
            60.50615,
          ],
          [
            27.14977,
            60.5062,
          ],
          [
            27.14985,
            60.50624,
          ],
          [
            27.14994,
            60.50629,
          ],
          [
            27.15002,
            60.50634,
          ],
          [
            27.15011,
            60.50638,
          ],
          [
            27.15019,
            60.50643,
          ],
          [
            27.15028,
            60.50647,
          ],
          [
            27.15037,
            60.50652,
          ],
          [
            27.15046,
            60.50656,
          ],
          [
            27.15055,
            60.50661,
          ],
          [
            27.15064,
            60.50665,
          ],
          [
            27.15073,
            60.50669,
          ],
          [
            27.17252,
            60.51708,
          ],
        ],
        "type": "LineString",
      },
      "id": 11,
      "properties": {
        "featureType": "pilotroute",
        "id": 11,
        "identifier": "urn:mrn:stm:voyage:id:transas:15f9c10e-957f-4b49-9ec7-23bd426e15bd",
        "name": "FIKMU-FIHMN (via Merikari)",
        "rtz": "<?xml version="1.0" encoding="UTF-8"?>
<route version="1.0" xmlns="http://www.cirm.org/RTZ/1/0">
    <routeInfo routeName="FIKMU-FIHMN (via Merikari)" vesselVoyage="urn:mrn:stm:voyage:id:transas:15f9c10e-957f-4b49-9ec7-23bd426e15bd"/>
    <waypoints>
        <defaultWaypoint radius="0.50">
            <leg portsideXTD="0.03" starboardXTD="0.03" safetyContour="8.00" safetyDepth="30.00" geometryType="Loxodrome"/>
        </defaultWaypoint>
        <waypoint id="14" name="FIKMU">
            <position lat="60.41764100" lon="26.91951300"/>
        </waypoint>
        <waypoint id="13" name="Havouri">
            <position lat="60.42469400" lon="26.94080000"/>
        </waypoint>
        <waypoint id="12" name="Lelleri">
            <position lat="60.40407500" lon="26.97541800"/>
        </waypoint>
        <waypoint id="11" name="Hietakari">
            <position lat="60.39095200" lon="26.98185600"/>
        </waypoint>
        <waypoint id="10" name="Retonpaasi">
            <position lat="60.36196900" lon="27.01077200"/>
        </waypoint>
        <waypoint id="9" name="Pauhakarit">
            <position lat="60.34570200" lon="27.06456900"/>
        </waypoint>
        <waypoint id="8" name="Merikari">
            <position lat="60.34192500" lon="27.10244900"/>
        </waypoint>
        <waypoint id="7" name="Ahvenkari">
            <position lat="60.34292600" lon="27.14653800"/>
        </waypoint>
        <waypoint id="6" name="Nimetön">
            <position lat="60.41230400" lon="27.15217500"/>
        </waypoint>
        <waypoint id="5" name="Einonkari">
            <position lat="60.43507400" lon="27.13656600"/>
        </waypoint>
        <waypoint id="4" name="Suur Musta">
            <position lat="60.45834200" lon="27.14683900"/>
        </waypoint>
        <waypoint id="3" name="Sovinnonmatala">
            <position lat="60.48080800" lon="27.13106700"/>
        </waypoint>
        <waypoint id="2" name="Hajaskari">
            <position lat="60.50528900" lon="27.14778000"/>
        </waypoint>
        <waypoint id="1" name="FIHMN">
            <position lat="60.51707700" lon="27.17252400"/>
            <leg safetyContour="30.00"/>
        </waypoint>
    </waypoints>
    <schedules>
        <schedule id="0" name="Base Calculation"/>
        <schedule id="1" name=""/>
    </schedules>
</route>
",
        "status": 1,
      },
      "type": "Feature",
    },
    {
      "geometry": {
        "coordinates": [
          [
            26.9,
            60.4,
          ],
          [
            26.91,
            60.41,
          ],
        ],
        "type": "LineString",
      },
      "id": 22,
      "properties": {
        "featureType": "pilotroute",
        "id": 22,
        "identifier": "urn:mrn:stm:voyage:id:transas:15f9c10e-957f-4b49-9ec7-23bd426e15bd",
        "name": "FIKMU-FIHMN (via Merikari)_2",
        "rtz": "<?xml version="1.0" encoding="UTF-8"?>
<route version="1.0" xmlns="http://www.cirm.org/RTZ/1/0">
    <routeInfo routeName="FIKMU-FIHMN (via Merikari)" vesselVoyage="urn:mrn:stm:voyage:id:transas:15f9c10e-957f-4b49-9ec7-23bd426e15bd"/>
    <waypoints>
        <defaultWaypoint radius="0.50">
            <leg portsideXTD="0.03" starboardXTD="0.03" safetyContour="8.00" safetyDepth="30.00" geometryType="Loxodrome"/>
        </defaultWaypoint>
        <waypoint id="14" name="FIKMU">
            <position lat="60.41764100" lon="26.91951300"/>
        </waypoint>
        <waypoint id="13" name="Havouri">
            <position lat="60.42469400" lon="26.94080000"/>
        </waypoint>
        <waypoint id="12" name="Lelleri">
            <position lat="60.40407500" lon="26.97541800"/>
        </waypoint>
        <waypoint id="11" name="Hietakari">
            <position lat="60.39095200" lon="26.98185600"/>
        </waypoint>
        <waypoint id="10" name="Retonpaasi">
            <position lat="60.36196900" lon="27.01077200"/>
        </waypoint>
        <waypoint id="9" name="Pauhakarit">
            <position lat="60.34570200" lon="27.06456900"/>
        </waypoint>
        <waypoint id="8" name="Merikari">
            <position lat="60.34192500" lon="27.10244900"/>
        </waypoint>
        <waypoint id="7" name="Ahvenkari">
            <position lat="60.34292600" lon="27.14653800"/>
        </waypoint>
        <waypoint id="6" name="Nimetön">
            <position lat="60.41230400" lon="27.15217500"/>
        </waypoint>
        <waypoint id="5" name="Einonkari">
            <position lat="60.43507400" lon="27.13656600"/>
        </waypoint>
        <waypoint id="4" name="Suur Musta">
            <position lat="60.45834200" lon="27.14683900"/>
        </waypoint>
        <waypoint id="3" name="Sovinnonmatala">
            <position lat="60.48080800" lon="27.13106700"/>
        </waypoint>
        <waypoint id="2" name="Hajaskari">
            <position lat="60.50528900" lon="27.14778000"/>
        </waypoint>
        <waypoint id="1" name="FIHMN">
            <position lat="60.51707700" lon="27.17252400"/>
            <leg safetyContour="30.00"/>
        </waypoint>
    </waypoints>
    <schedules>
        <schedule id="0" name="Base Calculation"/>
        <schedule id="1" name=""/>
    </schedules>
</route>
",
        "status": 1,
      },
      "type": "Feature",
    },
    {
      "geometry": {
        "coordinates": [
          [
            26.93,
            60.43,
          ],
          [
            26.93,
            60.43,
          ],
        ],
        "type": "LineString",
      },
      "id": 33,
      "properties": {
        "featureType": "pilotroute",
        "id": 33,
        "identifier": "urn:mrn:stm:voyage:id:transas:15f9c10e-957f-4b49-9ec7-23bd426e15bd",
        "name": "FIKMU-FIHMN (via Merikari)_3",
        "rtz": "<?xml version="1.0" encoding="UTF-8"?>
<route version="1.0" xmlns="http://www.cirm.org/RTZ/1/0">
    <routeInfo routeName="FIKMU-FIHMN (via Merikari)" vesselVoyage="urn:mrn:stm:voyage:id:transas:15f9c10e-957f-4b49-9ec7-23bd426e15bd"/>
    <waypoints>
        <defaultWaypoint radius="0.50">
            <leg portsideXTD="0.03" starboardXTD="0.03" safetyContour="8.00" safetyDepth="30.00" geometryType="Loxodrome"/>
        </defaultWaypoint>
        <waypoint id="14" name="FIKMU">
            <position lat="60.41764100" lon="26.91951300"/>
        </waypoint>
        <waypoint id="13" name="Havouri">
            <position lat="60.42469400" lon="26.94080000"/>
        </waypoint>
        <waypoint id="12" name="Lelleri">
            <position lat="60.40407500" lon="26.97541800"/>
        </waypoint>
        <waypoint id="11" name="Hietakari">
            <position lat="60.39095200" lon="26.98185600"/>
        </waypoint>
        <waypoint id="10" name="Retonpaasi">
            <position lat="60.36196900" lon="27.01077200"/>
        </waypoint>
        <waypoint id="9" name="Pauhakarit">
            <position lat="60.34570200" lon="27.06456900"/>
        </waypoint>
        <waypoint id="8" name="Merikari">
            <position lat="60.34192500" lon="27.10244900"/>
        </waypoint>
        <waypoint id="7" name="Ahvenkari">
            <position lat="60.34292600" lon="27.14653800"/>
        </waypoint>
        <waypoint id="6" name="Nimetön">
            <position lat="60.41230400" lon="27.15217500"/>
        </waypoint>
        <waypoint id="5" name="Einonkari">
            <position lat="60.43507400" lon="27.13656600"/>
        </waypoint>
        <waypoint id="4" name="Suur Musta">
            <position lat="60.45834200" lon="27.14683900"/>
        </waypoint>
        <waypoint id="3" name="Sovinnonmatala">
            <position lat="60.48080800" lon="27.13106700"/>
        </waypoint>
        <waypoint id="2" name="Hajaskari">
            <position lat="60.50528900" lon="27.14778000"/>
        </waypoint>
        <waypoint id="1" name="FIHMN">
            <position lat="60.51707700" lon="27.17252400"/>
            <leg safetyContour="30.00"/>
        </waypoint>
    </waypoints>
    <schedules>
        <schedule id="0" name="Base Calculation"/>
        <schedule id="1" name=""/>
    </schedules>
</route>
",
        "status": 1,
      },
      "type": "Feature",
    },
  ],
  "type": "FeatureCollection",
}
`;

exports[`should get pilotroutes from cache 1`] = `
{
  "features": [
    {
      "geometry": {
        "coordinates": [
          [
            26.919513,
            60.417641,
          ],
          [
            26.9408,
            60.424694,
          ],
          [
            26.975418,
            60.404075,
          ],
          [
            26.981856,
            60.390952,
          ],
          [
            27.010772,
            60.361969,
          ],
          [
            27.064569,
            60.345702,
          ],
          [
            27.102449,
            60.341925,
          ],
          [
            27.146538,
            60.342926,
          ],
          [
            27.152175,
            60.412304,
          ],
          [
            27.136566,
            60.435074,
          ],
          [
            27.146839,
            60.458342,
          ],
          [
            27.131067,
            60.480808,
          ],
          [
            27.14778,
            60.505289,
          ],
          [
            27.172524,
            60.517077,
          ],
        ],
        "type": "LineString",
      },
      "id": 10,
      "properties": {
        "featureType": "pilotroute",
        "id": 10,
        "identifier": "urn:mrn:stm:voyage:id:transas:15f9c10e-957f-4b49-9ec7-23bd426e15bd",
        "name": "FIKMU-FIHMN (via Merikari)",
        "rtz": "<?xml version="1.0" encoding="UTF-8"?>
<route version="1.0" xmlns="http://www.cirm.org/RTZ/1/0">
    <routeInfo routeName="FIKMU-FIHMN (via Merikari)" vesselVoyage="urn:mrn:stm:voyage:id:transas:15f9c10e-957f-4b49-9ec7-23bd426e15bd"/>
    <waypoints>
        <defaultWaypoint radius="0.50">
            <leg portsideXTD="0.03" starboardXTD="0.03" safetyContour="8.00" safetyDepth="30.00" geometryType="Loxodrome"/>
        </defaultWaypoint>
        <waypoint id="14" name="FIKMU">
            <position lat="60.41764100" lon="26.91951300"/>
        </waypoint>
        <waypoint id="13" name="Havouri">
            <position lat="60.42469400" lon="26.94080000"/>
        </waypoint>
        <waypoint id="12" name="Lelleri">
            <position lat="60.40407500" lon="26.97541800"/>
        </waypoint>
        <waypoint id="11" name="Hietakari">
            <position lat="60.39095200" lon="26.98185600"/>
        </waypoint>
        <waypoint id="10" name="Retonpaasi">
            <position lat="60.36196900" lon="27.01077200"/>
        </waypoint>
        <waypoint id="9" name="Pauhakarit">
            <position lat="60.34570200" lon="27.06456900"/>
        </waypoint>
        <waypoint id="8" name="Merikari">
            <position lat="60.34192500" lon="27.10244900"/>
        </waypoint>
        <waypoint id="7" name="Ahvenkari">
            <position lat="60.34292600" lon="27.14653800"/>
        </waypoint>
        <waypoint id="6" name="Nimetön">
            <position lat="60.41230400" lon="27.15217500"/>
        </waypoint>
        <waypoint id="5" name="Einonkari">
            <position lat="60.43507400" lon="27.13656600"/>
        </waypoint>
        <waypoint id="4" name="Suur Musta">
            <position lat="60.45834200" lon="27.14683900"/>
        </waypoint>
        <waypoint id="3" name="Sovinnonmatala">
            <position lat="60.48080800" lon="27.13106700"/>
        </waypoint>
        <waypoint id="2" name="Hajaskari">
            <position lat="60.50528900" lon="27.14778000"/>
        </waypoint>
        <waypoint id="1" name="FIHMN">
            <position lat="60.51707700" lon="27.17252400"/>
            <leg safetyContour="30.00"/>
        </waypoint>
    </waypoints>
    <schedules>
        <schedule id="0" name="Base Calculation"/>
        <schedule id="1" name=""/>
    </schedules>
</route>
",
        "status": 1,
      },
      "type": "Feature",
    },
    {
      "geometry": {
        "coordinates": [
          [
            26.9,
            60.4,
          ],
          [
            26.91,
            60.41,
          ],
        ],
        "type": "LineString",
      },
      "id": 20,
      "properties": {
        "featureType": "pilotroute",
        "id": 20,
        "identifier": "urn:mrn:stm:voyage:id:transas:15f9c10e-957f-4b49-9ec7-23bd426e15bd",
        "name": "FIKMU-FIHMN (via Merikari)_2",
        "rtz": "<?xml version="1.0" encoding="UTF-8"?>
<route version="1.0" xmlns="http://www.cirm.org/RTZ/1/0">
    <routeInfo routeName="FIKMU-FIHMN (via Merikari)" vesselVoyage="urn:mrn:stm:voyage:id:transas:15f9c10e-957f-4b49-9ec7-23bd426e15bd"/>
    <waypoints>
        <defaultWaypoint radius="0.50">
            <leg portsideXTD="0.03" starboardXTD="0.03" safetyContour="8.00" safetyDepth="30.00" geometryType="Loxodrome"/>
        </defaultWaypoint>
        <waypoint id="14" name="FIKMU">
            <position lat="60.41764100" lon="26.91951300"/>
        </waypoint>
        <waypoint id="13" name="Havouri">
            <position lat="60.42469400" lon="26.94080000"/>
        </waypoint>
        <waypoint id="12" name="Lelleri">
            <position lat="60.40407500" lon="26.97541800"/>
        </waypoint>
        <waypoint id="11" name="Hietakari">
            <position lat="60.39095200" lon="26.98185600"/>
        </waypoint>
        <waypoint id="10" name="Retonpaasi">
            <position lat="60.36196900" lon="27.01077200"/>
        </waypoint>
        <waypoint id="9" name="Pauhakarit">
            <position lat="60.34570200" lon="27.06456900"/>
        </waypoint>
        <waypoint id="8" name="Merikari">
            <position lat="60.34192500" lon="27.10244900"/>
        </waypoint>
        <waypoint id="7" name="Ahvenkari">
            <position lat="60.34292600" lon="27.14653800"/>
        </waypoint>
        <waypoint id="6" name="Nimetön">
            <position lat="60.41230400" lon="27.15217500"/>
        </waypoint>
        <waypoint id="5" name="Einonkari">
            <position lat="60.43507400" lon="27.13656600"/>
        </waypoint>
        <waypoint id="4" name="Suur Musta">
            <position lat="60.45834200" lon="27.14683900"/>
        </waypoint>
        <waypoint id="3" name="Sovinnonmatala">
            <position lat="60.48080800" lon="27.13106700"/>
        </waypoint>
        <waypoint id="2" name="Hajaskari">
            <position lat="60.50528900" lon="27.14778000"/>
        </waypoint>
        <waypoint id="1" name="FIHMN">
            <position lat="60.51707700" lon="27.17252400"/>
            <leg safetyContour="30.00"/>
        </waypoint>
    </waypoints>
    <schedules>
        <schedule id="0" name="Base Calculation"/>
        <schedule id="1" name=""/>
    </schedules>
</route>
",
        "status": 1,
      },
      "type": "Feature",
    },
  ],
  "type": "FeatureCollection",
}
`;

exports[`should get pilotroutes from cache when api call fails 1`] = `
{
  "features": [
    {
      "geometry": {
        "coordinates": [
          [
            26.919513,
            60.417641,
          ],
          [
            26.9408,
            60.424694,
          ],
          [
            26.975418,
            60.404075,
          ],
          [
            26.981856,
            60.390952,
          ],
          [
            27.010772,
            60.361969,
          ],
          [
            27.064569,
            60.345702,
          ],
          [
            27.102449,
            60.341925,
          ],
          [
            27.146538,
            60.342926,
          ],
          [
            27.152175,
            60.412304,
          ],
          [
            27.136566,
            60.435074,
          ],
          [
            27.146839,
            60.458342,
          ],
          [
            27.131067,
            60.480808,
          ],
          [
            27.14778,
            60.505289,
          ],
          [
            27.172524,
            60.517077,
          ],
        ],
        "type": "LineString",
      },
      "id": 10,
      "properties": {
        "featureType": "pilotroute",
        "id": 10,
        "identifier": "urn:mrn:stm:voyage:id:transas:15f9c10e-957f-4b49-9ec7-23bd426e15bd",
        "name": "FIKMU-FIHMN (via Merikari)",
        "rtz": "<?xml version="1.0" encoding="UTF-8"?>
<route version="1.0" xmlns="http://www.cirm.org/RTZ/1/0">
    <routeInfo routeName="FIKMU-FIHMN (via Merikari)" vesselVoyage="urn:mrn:stm:voyage:id:transas:15f9c10e-957f-4b49-9ec7-23bd426e15bd"/>
    <waypoints>
        <defaultWaypoint radius="0.50">
            <leg portsideXTD="0.03" starboardXTD="0.03" safetyContour="8.00" safetyDepth="30.00" geometryType="Loxodrome"/>
        </defaultWaypoint>
        <waypoint id="14" name="FIKMU">
            <position lat="60.41764100" lon="26.91951300"/>
        </waypoint>
        <waypoint id="13" name="Havouri">
            <position lat="60.42469400" lon="26.94080000"/>
        </waypoint>
        <waypoint id="12" name="Lelleri">
            <position lat="60.40407500" lon="26.97541800"/>
        </waypoint>
        <waypoint id="11" name="Hietakari">
            <position lat="60.39095200" lon="26.98185600"/>
        </waypoint>
        <waypoint id="10" name="Retonpaasi">
            <position lat="60.36196900" lon="27.01077200"/>
        </waypoint>
        <waypoint id="9" name="Pauhakarit">
            <position lat="60.34570200" lon="27.06456900"/>
        </waypoint>
        <waypoint id="8" name="Merikari">
            <position lat="60.34192500" lon="27.10244900"/>
        </waypoint>
        <waypoint id="7" name="Ahvenkari">
            <position lat="60.34292600" lon="27.14653800"/>
        </waypoint>
        <waypoint id="6" name="Nimetön">
            <position lat="60.41230400" lon="27.15217500"/>
        </waypoint>
        <waypoint id="5" name="Einonkari">
            <position lat="60.43507400" lon="27.13656600"/>
        </waypoint>
        <waypoint id="4" name="Suur Musta">
            <position lat="60.45834200" lon="27.14683900"/>
        </waypoint>
        <waypoint id="3" name="Sovinnonmatala">
            <position lat="60.48080800" lon="27.13106700"/>
        </waypoint>
        <waypoint id="2" name="Hajaskari">
            <position lat="60.50528900" lon="27.14778000"/>
        </waypoint>
        <waypoint id="1" name="FIHMN">
            <position lat="60.51707700" lon="27.17252400"/>
            <leg safetyContour="30.00"/>
        </waypoint>
    </waypoints>
    <schedules>
        <schedule id="0" name="Base Calculation"/>
        <schedule id="1" name=""/>
    </schedules>
</route>
",
        "status": 1,
      },
      "type": "Feature",
    },
    {
      "geometry": {
        "coordinates": [
          [
            26.9,
            60.4,
          ],
          [
            26.91,
            60.41,
          ],
        ],
        "type": "LineString",
      },
      "id": 20,
      "properties": {
        "featureType": "pilotroute",
        "id": 20,
        "identifier": "urn:mrn:stm:voyage:id:transas:15f9c10e-957f-4b49-9ec7-23bd426e15bd",
        "name": "FIKMU-FIHMN (via Merikari)_2",
        "rtz": "<?xml version="1.0" encoding="UTF-8"?>
<route version="1.0" xmlns="http://www.cirm.org/RTZ/1/0">
    <routeInfo routeName="FIKMU-FIHMN (via Merikari)" vesselVoyage="urn:mrn:stm:voyage:id:transas:15f9c10e-957f-4b49-9ec7-23bd426e15bd"/>
    <waypoints>
        <defaultWaypoint radius="0.50">
            <leg portsideXTD="0.03" starboardXTD="0.03" safetyContour="8.00" safetyDepth="30.00" geometryType="Loxodrome"/>
        </defaultWaypoint>
        <waypoint id="14" name="FIKMU">
            <position lat="60.41764100" lon="26.91951300"/>
        </waypoint>
        <waypoint id="13" name="Havouri">
            <position lat="60.42469400" lon="26.94080000"/>
        </waypoint>
        <waypoint id="12" name="Lelleri">
            <position lat="60.40407500" lon="26.97541800"/>
        </waypoint>
        <waypoint id="11" name="Hietakari">
            <position lat="60.39095200" lon="26.98185600"/>
        </waypoint>
        <waypoint id="10" name="Retonpaasi">
            <position lat="60.36196900" lon="27.01077200"/>
        </waypoint>
        <waypoint id="9" name="Pauhakarit">
            <position lat="60.34570200" lon="27.06456900"/>
        </waypoint>
        <waypoint id="8" name="Merikari">
            <position lat="60.34192500" lon="27.10244900"/>
        </waypoint>
        <waypoint id="7" name="Ahvenkari">
            <position lat="60.34292600" lon="27.14653800"/>
        </waypoint>
        <waypoint id="6" name="Nimetön">
            <position lat="60.41230400" lon="27.15217500"/>
        </waypoint>
        <waypoint id="5" name="Einonkari">
            <position lat="60.43507400" lon="27.13656600"/>
        </waypoint>
        <waypoint id="4" name="Suur Musta">
            <position lat="60.45834200" lon="27.14683900"/>
        </waypoint>
        <waypoint id="3" name="Sovinnonmatala">
            <position lat="60.48080800" lon="27.13106700"/>
        </waypoint>
        <waypoint id="2" name="Hajaskari">
            <position lat="60.50528900" lon="27.14778000"/>
        </waypoint>
        <waypoint id="1" name="FIHMN">
            <position lat="60.51707700" lon="27.17252400"/>
            <leg safetyContour="30.00"/>
        </waypoint>
    </waypoints>
    <schedules>
        <schedule id="0" name="Base Calculation"/>
        <schedule id="1" name=""/>
    </schedules>
</route>
",
        "status": 1,
      },
      "type": "Feature",
    },
  ],
  "type": "FeatureCollection",
}
`;
