// Jest Snapshot v1, https://goo.gl/fbAQLP

exports[`should get pilotroutes from api 1`] = `
{
  "features": [
    {
      "geometry": {
        "coordinates": [
          [
            26.91951,
            60.41764,
          ],
          [
            26.92814,
            60.4205,
          ],
          [
            26.92946,
            60.42089,
          ],
          [
            26.93085,
            60.42123,
          ],
          [
            26.9323,
            60.4215,
          ],
          [
            26.9338,
            60.42171,
          ],
          [
            26.93532,
            60.42184,
          ],
          [
            26.93687,
            60.42191,
          ],
          [
            26.93842,
            60.4219,
          ],
          [
            26.93996,
            60.42183,
          ],
          [
            26.94148,
            60.42168,
          ],
          [
            26.94297,
            60.42147,
          ],
          [
            26.94442,
            60.42119,
          ],
          [
            26.9458,
            60.42085,
          ],
          [
            26.94712,
            60.42044,
          ],
          [
            26.94835,
            60.41998,
          ],
          [
            26.94949,
            60.41946,
          ],
          [
            26.95054,
            60.4189,
          ],
          [
            26.97294,
            60.40555,
          ],
          [
            26.97386,
            60.40495,
          ],
          [
            26.97467,
            60.4043,
          ],
          [
            26.97535,
            60.40363,
          ],
          [
            26.97591,
            60.40292,
          ],
          [
            26.97634,
            60.4022,
          ],
          [
            26.98142,
            60.39184,
          ],
          [
            26.98176,
            60.39125,
          ],
          [
            26.98219,
            60.39067,
          ],
          [
            26.9827,
            60.39011,
          ],
          [
            27.00863,
            60.36412,
          ],
          [
            27.00928,
            60.36353,
          ],
          [
            27.01003,
            60.36297,
          ],
          [
            27.01086,
            60.36244,
          ],
          [
            27.01178,
            60.36194,
          ],
          [
            27.01277,
            60.36149,
          ],
          [
            27.01383,
            60.36107,
          ],
          [
            27.01496,
            60.3607,
          ],
          [
            27.06206,
            60.34646,
          ],
          [
            27.06334,
            60.34611,
          ],
          [
            27.06468,
            60.34582,
          ],
          [
            27.06607,
            60.34558,
          ],
          [
            27.06749,
            60.34541,
          ],
          [
            27.10043,
            60.34213,
          ],
          [
            27.10178,
            60.34202,
          ],
          [
            27.10315,
            60.34197,
          ],
          [
            27.10452,
            60.34197,
          ],
          [
            27.13111,
            60.34258,
          ],
          [
            27.13266,
            60.34265,
          ],
          [
            27.13419,
            60.34279,
          ],
          [
            27.13568,
            60.343,
          ],
          [
            27.13713,
            60.34328,
          ],
          [
            27.13852,
            60.34362,
          ],
          [
            27.13984,
            60.34402,
          ],
          [
            27.14108,
            60.34448,
          ],
          [
            27.14223,
            60.345,
          ],
          [
            27.14328,
            60.34557,
          ],
          [
            27.14422,
            60.34618,
          ],
          [
            27.14504,
            60.34684,
          ],
          [
            27.14573,
            60.34752,
          ],
          [
            27.14629,
            60.34824,
          ],
          [
            27.14672,
            60.34898,
          ],
          [
            27.14701,
            60.34973,
          ],
          [
            27.14715,
            60.3505,
          ],
          [
            27.15204,
            60.41069,
          ],
          [
            27.15206,
            60.41131,
          ],
          [
            27.15198,
            60.41193,
          ],
          [
            27.1518,
            60.41255,
          ],
          [
            27.15154,
            60.41316,
          ],
          [
            27.15118,
            60.41375,
          ],
          [
            27.13807,
            60.43288,
          ],
          [
            27.13765,
            60.4336,
          ],
          [
            27.13736,
            60.43433,
          ],
          [
            27.1372,
            60.43508,
          ],
          [
            27.13718,
            60.43583,
          ],
          [
            27.1373,
            60.43658,
          ],
          [
            27.13756,
            60.43732,
          ],
          [
            27.14583,
            60.45605,
          ],
          [
            27.14609,
            60.4568,
          ],
          [
            27.14621,
            60.45755,
          ],
          [
            27.14619,
            60.45831,
          ],
          [
            27.14603,
            60.45907,
          ],
          [
            27.14573,
            60.45981,
          ],
          [
            27.1453,
            60.46054,
          ],
          [
            27.13296,
            60.47811,
          ],
          [
            27.13256,
            60.47877,
          ],
          [
            27.13227,
            60.47944,
          ],
          [
            27.13209,
            60.48012,
          ],
          [
            27.13202,
            60.4808,
          ],
          [
            27.13207,
            60.48148,
          ],
          [
            27.13224,
            60.48216,
          ],
          [
            27.13251,
            60.48283,
          ],
          [
            27.1329,
            60.48349,
          ],
          [
            27.14646,
            60.50336,
          ],
          [
            27.14694,
            60.50398,
          ],
          [
            27.14751,
            60.50458,
          ],
          [
            27.14819,
            60.50515,
          ],
          [
            27.14895,
            60.5057,
          ],
          [
            27.1498,
            60.50621,
          ],
          [
            27.15073,
            60.50669,
          ],
          [
            27.17252,
            60.51708,
          ],
        ],
        "type": "LineString",
      },
      "id": 11,
      "properties": {
        "featureType": "pilotroute",
        "id": 11,
        "identifier": "urn:mrn:stm:voyage:id:transas:15f9c10e-957f-4b49-9ec7-23bd426e15bd",
        "name": "FIKMU-FIHMN (via Merikari)",
        "rtz": "<?xml version="1.0" encoding="UTF-8"?>
<route version="1.0" xmlns="http://www.cirm.org/RTZ/1/0">
    <routeInfo routeName="FIKMU-FIHMN (via Merikari)" vesselVoyage="urn:mrn:stm:voyage:id:transas:15f9c10e-957f-4b49-9ec7-23bd426e15bd"/>
    <waypoints>
        <defaultWaypoint radius="0.50">
            <leg portsideXTD="0.03" starboardXTD="0.03" safetyContour="8.00" safetyDepth="30.00" geometryType="Loxodrome"/>
        </defaultWaypoint>
        <waypoint id="14" name="FIKMU">
            <position lat="60.41764100" lon="26.91951300"/>
        </waypoint>
        <waypoint id="13" name="Havouri">
            <position lat="60.42469400" lon="26.94080000"/>
        </waypoint>
        <waypoint id="12" name="Lelleri">
            <position lat="60.40407500" lon="26.97541800"/>
        </waypoint>
        <waypoint id="11" name="Hietakari">
            <position lat="60.39095200" lon="26.98185600"/>
        </waypoint>
        <waypoint id="10" name="Retonpaasi">
            <position lat="60.36196900" lon="27.01077200"/>
        </waypoint>
        <waypoint id="9" name="Pauhakarit">
            <position lat="60.34570200" lon="27.06456900"/>
        </waypoint>
        <waypoint id="8" name="Merikari">
            <position lat="60.34192500" lon="27.10244900"/>
        </waypoint>
        <waypoint id="7" name="Ahvenkari">
            <position lat="60.34292600" lon="27.14653800"/>
        </waypoint>
        <waypoint id="6" name="Nimetön">
            <position lat="60.41230400" lon="27.15217500"/>
        </waypoint>
        <waypoint id="5" name="Einonkari">
            <position lat="60.43507400" lon="27.13656600"/>
        </waypoint>
        <waypoint id="4" name="Suur Musta">
            <position lat="60.45834200" lon="27.14683900"/>
        </waypoint>
        <waypoint id="3" name="Sovinnonmatala">
            <position lat="60.48080800" lon="27.13106700"/>
        </waypoint>
        <waypoint id="2" name="Hajaskari">
            <position lat="60.50528900" lon="27.14778000"/>
        </waypoint>
        <waypoint id="1" name="FIHMN">
            <position lat="60.51707700" lon="27.17252400"/>
            <leg safetyContour="30.00"/>
        </waypoint>
    </waypoints>
    <schedules>
        <schedule id="0" name="Base Calculation"/>
        <schedule id="1" name=""/>
    </schedules>
</route>
",
        "status": 1,
      },
      "type": "Feature",
    },
    {
      "geometry": {
        "coordinates": [
          [
            26.9,
            60.4,
          ],
          [
            26.91,
            60.41,
          ],
        ],
        "type": "LineString",
      },
      "id": 22,
      "properties": {
        "featureType": "pilotroute",
        "id": 22,
        "identifier": "urn:mrn:stm:voyage:id:transas:15f9c10e-957f-4b49-9ec7-23bd426e15bd",
        "name": "FIKMU-FIHMN (via Merikari)_2",
        "rtz": "<?xml version="1.0" encoding="UTF-8"?>
<route version="1.0" xmlns="http://www.cirm.org/RTZ/1/0">
    <routeInfo routeName="FIKMU-FIHMN (via Merikari)" vesselVoyage="urn:mrn:stm:voyage:id:transas:15f9c10e-957f-4b49-9ec7-23bd426e15bd"/>
    <waypoints>
        <defaultWaypoint radius="0.50">
            <leg portsideXTD="0.03" starboardXTD="0.03" safetyContour="8.00" safetyDepth="30.00" geometryType="Loxodrome"/>
        </defaultWaypoint>
        <waypoint id="14" name="FIKMU">
            <position lat="60.41764100" lon="26.91951300"/>
        </waypoint>
        <waypoint id="13" name="Havouri">
            <position lat="60.42469400" lon="26.94080000"/>
        </waypoint>
        <waypoint id="12" name="Lelleri">
            <position lat="60.40407500" lon="26.97541800"/>
        </waypoint>
        <waypoint id="11" name="Hietakari">
            <position lat="60.39095200" lon="26.98185600"/>
        </waypoint>
        <waypoint id="10" name="Retonpaasi">
            <position lat="60.36196900" lon="27.01077200"/>
        </waypoint>
        <waypoint id="9" name="Pauhakarit">
            <position lat="60.34570200" lon="27.06456900"/>
        </waypoint>
        <waypoint id="8" name="Merikari">
            <position lat="60.34192500" lon="27.10244900"/>
        </waypoint>
        <waypoint id="7" name="Ahvenkari">
            <position lat="60.34292600" lon="27.14653800"/>
        </waypoint>
        <waypoint id="6" name="Nimetön">
            <position lat="60.41230400" lon="27.15217500"/>
        </waypoint>
        <waypoint id="5" name="Einonkari">
            <position lat="60.43507400" lon="27.13656600"/>
        </waypoint>
        <waypoint id="4" name="Suur Musta">
            <position lat="60.45834200" lon="27.14683900"/>
        </waypoint>
        <waypoint id="3" name="Sovinnonmatala">
            <position lat="60.48080800" lon="27.13106700"/>
        </waypoint>
        <waypoint id="2" name="Hajaskari">
            <position lat="60.50528900" lon="27.14778000"/>
        </waypoint>
        <waypoint id="1" name="FIHMN">
            <position lat="60.51707700" lon="27.17252400"/>
            <leg safetyContour="30.00"/>
        </waypoint>
    </waypoints>
    <schedules>
        <schedule id="0" name="Base Calculation"/>
        <schedule id="1" name=""/>
    </schedules>
</route>
",
        "status": 1,
      },
      "type": "Feature",
    },
    {
      "geometry": {
        "coordinates": [
          [
            26.93,
            60.43,
          ],
          [
            26.93,
            60.43,
          ],
        ],
        "type": "LineString",
      },
      "id": 33,
      "properties": {
        "featureType": "pilotroute",
        "id": 33,
        "identifier": "urn:mrn:stm:voyage:id:transas:15f9c10e-957f-4b49-9ec7-23bd426e15bd",
        "name": "FIKMU-FIHMN (via Merikari)_3",
        "rtz": "<?xml version="1.0" encoding="UTF-8"?>
<route version="1.0" xmlns="http://www.cirm.org/RTZ/1/0">
    <routeInfo routeName="FIKMU-FIHMN (via Merikari)" vesselVoyage="urn:mrn:stm:voyage:id:transas:15f9c10e-957f-4b49-9ec7-23bd426e15bd"/>
    <waypoints>
        <defaultWaypoint radius="0.50">
            <leg portsideXTD="0.03" starboardXTD="0.03" safetyContour="8.00" safetyDepth="30.00" geometryType="Loxodrome"/>
        </defaultWaypoint>
        <waypoint id="14" name="FIKMU">
            <position lat="60.41764100" lon="26.91951300"/>
        </waypoint>
        <waypoint id="13" name="Havouri">
            <position lat="60.42469400" lon="26.94080000"/>
        </waypoint>
        <waypoint id="12" name="Lelleri">
            <position lat="60.40407500" lon="26.97541800"/>
        </waypoint>
        <waypoint id="11" name="Hietakari">
            <position lat="60.39095200" lon="26.98185600"/>
        </waypoint>
        <waypoint id="10" name="Retonpaasi">
            <position lat="60.36196900" lon="27.01077200"/>
        </waypoint>
        <waypoint id="9" name="Pauhakarit">
            <position lat="60.34570200" lon="27.06456900"/>
        </waypoint>
        <waypoint id="8" name="Merikari">
            <position lat="60.34192500" lon="27.10244900"/>
        </waypoint>
        <waypoint id="7" name="Ahvenkari">
            <position lat="60.34292600" lon="27.14653800"/>
        </waypoint>
        <waypoint id="6" name="Nimetön">
            <position lat="60.41230400" lon="27.15217500"/>
        </waypoint>
        <waypoint id="5" name="Einonkari">
            <position lat="60.43507400" lon="27.13656600"/>
        </waypoint>
        <waypoint id="4" name="Suur Musta">
            <position lat="60.45834200" lon="27.14683900"/>
        </waypoint>
        <waypoint id="3" name="Sovinnonmatala">
            <position lat="60.48080800" lon="27.13106700"/>
        </waypoint>
        <waypoint id="2" name="Hajaskari">
            <position lat="60.50528900" lon="27.14778000"/>
        </waypoint>
        <waypoint id="1" name="FIHMN">
            <position lat="60.51707700" lon="27.17252400"/>
            <leg safetyContour="30.00"/>
        </waypoint>
    </waypoints>
    <schedules>
        <schedule id="0" name="Base Calculation"/>
        <schedule id="1" name=""/>
    </schedules>
</route>
",
        "status": 1,
      },
      "type": "Feature",
    },
  ],
  "type": "FeatureCollection",
}
`;
