// Jest Snapshot v1, https://goo.gl/fbAQLP

exports[`should get faults from api 1`] = `
[
  {
    "equipmentId": 2,
    "geometry": {
      "coordinates": [
        26.9622327773,
        60.461115575,
      ],
      "type": "Point",
    },
    "id": -2139953035,
    "name": {
      "fi": "Kuusinen ylempi",
      "sv": "Kuusinen övre",
    },
    "recordTime": 1591543984711,
    "type": {
      "fi": "Valo pimeä",
      "sv": "Ljuset slocknat",
    },
    "typeCode": 1022541001,
  },
]
`;

exports[`should get faults from cache when api call fails 1`] = `
[
  {
    "equipmentId": 1700,
    "geometry": {
      "coordinates": [
        26.55766,
        60.31134,
      ],
      "type": "Point",
    },
    "id": -2139943633,
    "name": {
      "fi": "Byskär",
      "sv": "Byskär",
    },
    "recordTime": 1682082750000,
    "type": {
      "fi": "Rikkoutunut",
      "sv": "Söndrig",
    },
    "typeCode": 1022541006,
  },
  {
    "equipmentId": 29508,
    "geometry": {
      "coordinates": [
        23.03142,
        60.31464,
      ],
      "type": "Point",
    },
    "id": -2139946880,
    "name": {
      "fi": "Sokeri 1",
      "sv": "Sokeri 1",
    },
    "recordTime": 1650366855000,
    "type": {
      "fi": "Tuhoutunut/kadonnut",
      "sv": "Förstörd/försvunnen",
    },
    "typeCode": 1022541004,
  },
]
`;
