// Jest Snapshot v1, https://goo.gl/fbAQLP

exports[`test mapFairwayCardToModel all 1`] = `
{
  "additionalInfo": null,
  "anchorage": {
    "en": "anchorageen",
    "fi": "anchorage",
    "sv": "anchoragesv",
  },
  "attention": {
    "en": "attentionen",
    "fi": "attentionfi",
    "sv": "attentionsv",
  },
  "creationTimestamp": Any<Number>,
  "creator": "Test Test",
  "designSpeed": {
    "en": "designSpeeden",
    "fi": "designSpeed",
    "sv": "designSpeedsv",
  },
  "expires": null,
  "fairwayIds": "#1#",
  "fairways": [
    {
      "id": 1,
      "primary": true,
      "secondary": true,
    },
  ],
  "generalInfo": {
    "en": "generalInfoen",
    "fi": "generalInfo",
    "sv": "generalInfosv",
  },
  "group": "1",
  "harbors": [
    {
      "id": "1",
    },
  ],
  "iceCondition": {
    "en": "iceConditionen",
    "fi": "iceCondition",
    "sv": "iceConditionsv",
  },
  "id": "a2",
  "lineText": {
    "en": "lineTexten",
    "fi": "lineText",
    "sv": "lineTextsv",
  },
  "mareographs": [
    {
      "id": 1,
    },
    {
      "id": 2,
    },
    {
      "id": 3,
    },
    {
      "id": 4,
    },
  ],
  "modificationTimestamp": Any<Number>,
  "modifier": "Test Test",
  "n2000HeightSystem": true,
  "name": {
    "en": "testen2",
    "fi": "test2",
    "sv": "testsv2",
  },
  "navigationCondition": {
    "en": "navigationConditionen",
    "fi": "navigationCondition",
    "sv": "navigationConditionsv",
  },
  "pictures": null,
  "pilotRoutes": null,
  "seaLevel": undefined,
  "speedLimit": {
    "en": "speedLimiten",
    "fi": "speedLimit",
    "sv": "speedLimitsv",
  },
  "status": "PUBLIC",
  "temporaryNotifications": null,
  "trafficService": {
    "pilot": {
      "email": "i@fi",
      "extraInfo": {
        "en": "extraInfoen",
        "fi": "extraInfo",
        "sv": "extraInfosv",
      },
      "fax": "12345",
      "internet": "www",
      "phoneNumber": "12345",
      "places": [
        {
          "id": 1,
          "pilotJourney": 0,
        },
      ],
    },
    "tugs": [
      {
        "email": "test@fi",
        "fax": "12222",
        "name": {
          "en": "nameen",
          "fi": "name",
          "sv": "namesv",
        },
        "phoneNumber": [
          "+35812",
        ],
      },
    ],
    "vts": [
      {
        "email": [
          "email@fi",
        ],
        "name": {
          "en": "nameen",
          "fi": "name",
          "sv": "namesv",
        },
        "phoneNumber": "78912",
        "vhf": [
          {
            "channel": 0,
            "name": {
              "en": "nameen",
              "fi": "name",
              "sv": "namesv",
            },
          },
        ],
      },
    ],
  },
  "version": "v0",
  "vesselRecommendation": {
    "en": "vesselRecommendationen",
    "fi": "vesselRecommendation",
    "sv": "vesselRecommendationsv",
  },
  "visibility": {
    "en": "visibilityen",
    "fi": "visibility",
    "sv": "visibilitysv",
  },
  "windGauge": {
    "en": "windGaugeen",
    "fi": "windGauge",
    "sv": "windGaugesv",
  },
  "windRecommendation": {
    "en": "windRecommendationen",
    "fi": "windRecommendation",
    "sv": "windRecommendationsv",
  },
}
`;

exports[`test mapFairwayCardToModel minimal 1`] = `
{
  "additionalInfo": null,
  "anchorage": null,
  "attention": null,
  "creationTimestamp": Any<Number>,
  "creator": "Test Test",
  "designSpeed": null,
  "expires": null,
  "fairwayIds": "#1#",
  "fairways": [
    {
      "id": 1,
      "primary": true,
      "secondary": true,
    },
  ],
  "generalInfo": null,
  "group": "1",
  "harbors": null,
  "iceCondition": null,
  "id": "a1",
  "lineText": null,
  "mareographs": undefined,
  "modificationTimestamp": Any<Number>,
  "modifier": "Test Test",
  "n2000HeightSystem": false,
  "name": {
    "en": "testen",
    "fi": "test",
    "sv": "testsv",
  },
  "navigationCondition": null,
  "pictures": null,
  "pilotRoutes": null,
  "seaLevel": undefined,
  "speedLimit": null,
  "status": "DRAFT",
  "temporaryNotifications": null,
  "trafficService": {
    "pilot": {
      "email": null,
      "extraInfo": null,
      "fax": null,
      "internet": null,
      "phoneNumber": null,
      "places": [],
    },
    "tugs": null,
    "vts": null,
  },
  "version": "v0",
  "vesselRecommendation": null,
  "visibility": null,
  "windGauge": null,
  "windRecommendation": null,
}
`;
