// Jest Snapshot v1, https://goo.gl/fbAQLP

exports[`test mapHarborToModel all 1`] = `
{
  "cargo": {
    "en": "cargoen",
    "fi": "cargofi",
    "sv": "cargosv",
  },
  "company": {
    "en": "companyen",
    "fi": "companyfi",
    "sv": "companysv",
  },
  "creationTimestamp": Any<Number>,
  "creator": "Test Test",
  "email": "email@fi",
  "expires": null,
  "extraInfo": {
    "en": "extraen",
    "fi": "extrafi",
    "sv": "extrasv",
  },
  "fax": "32321",
  "geometry": {
    "coordinates": [
      18,
      62,
    ],
    "type": "Point",
  },
  "harborBasin": {
    "en": "basinen",
    "fi": "basinfi",
    "sv": "basinsv",
  },
  "id": "a2",
  "internet": "www.fi",
  "modificationTimestamp": Any<Number>,
  "modifier": "Test Test",
  "n2000HeightSystem": true,
  "name": {
    "en": "testen2",
    "fi": "test2",
    "sv": "testsv2",
  },
  "phoneNumber": [
    "12345",
    "22222",
  ],
  "publishDetails": undefined,
  "quays": [
    {
      "extraInfo": {
        "en": "cargoen",
        "fi": "cargofi",
        "sv": "cargosv",
      },
      "geometry": {
        "coordinates": [
          22.1,
          63.2,
        ],
        "type": "Point",
      },
      "length": 123,
      "name": {
        "en": "cargoen",
        "fi": "cargofi",
        "sv": "cargosv",
      },
      "sections": [
        {
          "depth": 10,
          "geometry": {
            "coordinates": [
              17,
              62.2,
            ],
            "type": "Point",
          },
          "name": "stest",
        },
      ],
    },
  ],
  "status": "PUBLIC",
  "version": "v2",
}
`;

exports[`test mapHarborToModel minimal 1`] = `
{
  "cargo": null,
  "company": null,
  "creationTimestamp": Any<Number>,
  "creator": "Test Test",
  "email": null,
  "expires": null,
  "extraInfo": null,
  "fax": null,
  "geometry": {
    "coordinates": [
      20,
      60,
    ],
    "type": "Point",
  },
  "harborBasin": null,
  "id": "a1",
  "internet": null,
  "modificationTimestamp": Any<Number>,
  "modifier": "Test Test",
  "n2000HeightSystem": false,
  "name": {
    "en": "testen",
    "fi": "test",
    "sv": "testsv",
  },
  "phoneNumber": null,
  "publishDetails": undefined,
  "quays": null,
  "status": "DRAFT",
  "version": "v2",
}
`;
